Archive member included to satisfy reference by file (symbol)

C:/ST/STM32CubeIDE_1.15.0/STM32CubeIDE/plugins/com.st.stm32cube.ide.mcu.externaltools.gnu-tools-for-stm32.12.3.rel1.win32_1.0.100.202403111256/tools/bin/../lib/gcc/arm-none-eabi/12.3.1/../../../../arm-none-eabi/lib/thumb/v7e-m+fp/hard\libc_nano.a(libc_a-exit.o)
                              C:/ST/STM32CubeIDE_1.15.0/STM32CubeIDE/plugins/com.st.stm32cube.ide.mcu.externaltools.gnu-tools-for-stm32.12.3.rel1.win32_1.0.100.202403111256/tools/bin/../lib/gcc/arm-none-eabi/12.3.1/../../../../arm-none-eabi/lib/thumb/v7e-m+fp/hard/crt0.o (exit)
C:/ST/STM32CubeIDE_1.15.0/STM32CubeIDE/plugins/com.st.stm32cube.ide.mcu.externaltools.gnu-tools-for-stm32.12.3.rel1.win32_1.0.100.202403111256/tools/bin/../lib/gcc/arm-none-eabi/12.3.1/../../../../arm-none-eabi/lib/thumb/v7e-m+fp/hard\libc_nano.a(libc_a-findfp.o)
                              C:/ST/STM32CubeIDE_1.15.0/STM32CubeIDE/plugins/com.st.stm32cube.ide.mcu.externaltools.gnu-tools-for-stm32.12.3.rel1.win32_1.0.100.202403111256/tools/bin/../lib/gcc/arm-none-eabi/12.3.1/../../../../arm-none-eabi/lib/thumb/v7e-m+fp/hard\libc_nano.a(libc_a-exit.o) (__stdio_exit_handler)
C:/ST/STM32CubeIDE_1.15.0/STM32CubeIDE/plugins/com.st.stm32cube.ide.mcu.externaltools.gnu-tools-for-stm32.12.3.rel1.win32_1.0.100.202403111256/tools/bin/../lib/gcc/arm-none-eabi/12.3.1/../../../../arm-none-eabi/lib/thumb/v7e-m+fp/hard\libc_nano.a(libc_a-fwalk.o)
                              C:/ST/STM32CubeIDE_1.15.0/STM32CubeIDE/plugins/com.st.stm32cube.ide.mcu.externaltools.gnu-tools-for-stm32.12.3.rel1.win32_1.0.100.202403111256/tools/bin/../lib/gcc/arm-none-eabi/12.3.1/../../../../arm-none-eabi/lib/thumb/v7e-m+fp/hard\libc_nano.a(libc_a-findfp.o) (_fwalk_sglue)
C:/ST/STM32CubeIDE_1.15.0/STM32CubeIDE/plugins/com.st.stm32cube.ide.mcu.externaltools.gnu-tools-for-stm32.12.3.rel1.win32_1.0.100.202403111256/tools/bin/../lib/gcc/arm-none-eabi/12.3.1/../../../../arm-none-eabi/lib/thumb/v7e-m+fp/hard\libc_nano.a(libc_a-stdio.o)
                              C:/ST/STM32CubeIDE_1.15.0/STM32CubeIDE/plugins/com.st.stm32cube.ide.mcu.externaltools.gnu-tools-for-stm32.12.3.rel1.win32_1.0.100.202403111256/tools/bin/../lib/gcc/arm-none-eabi/12.3.1/../../../../arm-none-eabi/lib/thumb/v7e-m+fp/hard\libc_nano.a(libc_a-findfp.o) (__sread)
C:/ST/STM32CubeIDE_1.15.0/STM32CubeIDE/plugins/com.st.stm32cube.ide.mcu.externaltools.gnu-tools-for-stm32.12.3.rel1.win32_1.0.100.202403111256/tools/bin/../lib/gcc/arm-none-eabi/12.3.1/../../../../arm-none-eabi/lib/thumb/v7e-m+fp/hard\libc_nano.a(libc_a-memset.o)
                              C:/ST/STM32CubeIDE_1.15.0/STM32CubeIDE/plugins/com.st.stm32cube.ide.mcu.externaltools.gnu-tools-for-stm32.12.3.rel1.win32_1.0.100.202403111256/tools/bin/../lib/gcc/arm-none-eabi/12.3.1/../../../../arm-none-eabi/lib/thumb/v7e-m+fp/hard/crt0.o (memset)
C:/ST/STM32CubeIDE_1.15.0/STM32CubeIDE/plugins/com.st.stm32cube.ide.mcu.externaltools.gnu-tools-for-stm32.12.3.rel1.win32_1.0.100.202403111256/tools/bin/../lib/gcc/arm-none-eabi/12.3.1/../../../../arm-none-eabi/lib/thumb/v7e-m+fp/hard\libc_nano.a(libc_a-closer.o)
                              C:/ST/STM32CubeIDE_1.15.0/STM32CubeIDE/plugins/com.st.stm32cube.ide.mcu.externaltools.gnu-tools-for-stm32.12.3.rel1.win32_1.0.100.202403111256/tools/bin/../lib/gcc/arm-none-eabi/12.3.1/../../../../arm-none-eabi/lib/thumb/v7e-m+fp/hard\libc_nano.a(libc_a-stdio.o) (_close_r)
C:/ST/STM32CubeIDE_1.15.0/STM32CubeIDE/plugins/com.st.stm32cube.ide.mcu.externaltools.gnu-tools-for-stm32.12.3.rel1.win32_1.0.100.202403111256/tools/bin/../lib/gcc/arm-none-eabi/12.3.1/../../../../arm-none-eabi/lib/thumb/v7e-m+fp/hard\libc_nano.a(libc_a-reent.o)
                              C:/ST/STM32CubeIDE_1.15.0/STM32CubeIDE/plugins/com.st.stm32cube.ide.mcu.externaltools.gnu-tools-for-stm32.12.3.rel1.win32_1.0.100.202403111256/tools/bin/../lib/gcc/arm-none-eabi/12.3.1/../../../../arm-none-eabi/lib/thumb/v7e-m+fp/hard\libc_nano.a(libc_a-closer.o) (errno)
C:/ST/STM32CubeIDE_1.15.0/STM32CubeIDE/plugins/com.st.stm32cube.ide.mcu.externaltools.gnu-tools-for-stm32.12.3.rel1.win32_1.0.100.202403111256/tools/bin/../lib/gcc/arm-none-eabi/12.3.1/../../../../arm-none-eabi/lib/thumb/v7e-m+fp/hard\libc_nano.a(libc_a-impure.o)
                              C:/ST/STM32CubeIDE_1.15.0/STM32CubeIDE/plugins/com.st.stm32cube.ide.mcu.externaltools.gnu-tools-for-stm32.12.3.rel1.win32_1.0.100.202403111256/tools/bin/../lib/gcc/arm-none-eabi/12.3.1/../../../../arm-none-eabi/lib/thumb/v7e-m+fp/hard\libc_nano.a(libc_a-reent.o) (_impure_ptr)
C:/ST/STM32CubeIDE_1.15.0/STM32CubeIDE/plugins/com.st.stm32cube.ide.mcu.externaltools.gnu-tools-for-stm32.12.3.rel1.win32_1.0.100.202403111256/tools/bin/../lib/gcc/arm-none-eabi/12.3.1/../../../../arm-none-eabi/lib/thumb/v7e-m+fp/hard\libc_nano.a(libc_a-lseekr.o)
[...]
Memory Configuration

Name             Origin             Length             Attributes
CCMRAM           0x10000000         0x00010000         xrw
RAM              0x20000000         0x00020000         xrw
FLASH            0x08000000         0x00100000         xr
*default*        0x00000000         0xffffffff

Linker script and memory map

LOAD C:/ST/STM32CubeIDE_1.15.0/STM32CubeIDE/plugins/com.st.stm32cube.ide.mcu.externaltools.gnu-tools-for-stm32.12.3.rel1.win32_1.0.100.202403111256/tools/bin/../lib/gcc/arm-none-eabi/12.3.1/thumb/v7e-m+fp/hard/crti.o
LOAD C:/ST/STM32CubeIDE_1.15.0/STM32CubeIDE/plugins/com.st.stm32cube.ide.mcu.externaltools.gnu-tools-for-stm32.12.3.rel1.win32_1.0.100.202403111256/tools/bin/../lib/gcc/arm-none-eabi/12.3.1/thumb/v7e-m+fp/hard/crtbegin.o
LOAD C:/ST/STM32CubeIDE_1.15.0/STM32CubeIDE/plugins/com.st.stm32cube.ide.mcu.externaltools.gnu-tools-for-stm32.12.3.rel1.win32_1.0.100.202403111256/tools/bin/../lib/gcc/arm-none-eabi/12.3.1/../../../../arm-none-eabi/lib/thumb/v7e-m+fp/hard/crt0.o
LOAD ./Core/Src/gpio.o
LOAD ./Core/Src/i2c.o
LOAD ./Core/Src/main.o
LOAD ./Core/Src/spi.o
LOAD ./Core/Src/stm32f4xx_hal_msp.o
LOAD ./Core/Src/stm32f4xx_it.o
LOAD ./Core/Src/syscalls.o
LOAD ./Core/Src/sysmem.o
LOAD ./Core/Src/system_stm32f4xx.o
LOAD ./Core/Src/tim.o
LOAD ./Core/Startup/startup_stm32f407vgtx.o
LOAD ./Core/lib/bno055.o
LOAD ./Core/lib/config_data.o
LOAD ./Core/lib/esc.o
LOAD ./Core/lib/nrf24l01p.o
LOAD ./Drivers/STM32F4xx_HAL_Driver/Src/stm32f4xx_hal.o
LOAD ./Drivers/STM32F4xx_HAL_Driver/Src/stm32f4xx_hal_cortex.o
LOAD ./Drivers/STM32F4xx_HAL_Driver/Src/stm32f4xx_hal_dma.o
LOAD ./Drivers/STM32F4xx_HAL_Driver/Src/stm32f4xx_hal_dma_ex.o
LOAD ./Drivers/STM32F4xx_HAL_Driver/Src/stm32f4xx_hal_exti.o
LOAD ./Drivers/STM32F4xx_HAL_Driver/Src/stm32f4xx_hal_flash.o
LOAD ./Drivers/STM32F4xx_HAL_Driver/Src/stm32f4xx_hal_flash_ex.o
LOAD ./Drivers/STM32F4xx_HAL_Driver/Src/stm32f4xx_hal_flash_ramfunc.o
LOAD ./Drivers/STM32F4xx_HAL_Driver/Src/stm32f4xx_hal_gpio.o
LOAD ./Drivers/STM32F4xx_HAL_Driver/Src/stm32f4xx_hal_i2c.o
LOAD ./Drivers/STM32F4xx_HAL_Driver/Src/stm32f4xx_hal_i2c_ex.o
LOAD ./Drivers/STM32F4xx_HAL_Driver/Src/stm32f4xx_hal_pwr.o
LOAD ./Drivers/STM32F4xx_HAL_Driver/Src/stm32f4xx_hal_pwr_ex.o
LOAD ./Drivers/STM32F4xx_HAL_Driver/Src/stm32f4xx_hal_rcc.o
LOAD ./Drivers/STM32F4xx_HAL_Driver/Src/stm32f4xx_hal_rcc_ex.o
LOAD ./Drivers/STM32F4xx_HAL_Driver/Src/stm32f4xx_hal_spi.o
LOAD ./Drivers/STM32F4xx_HAL_Driver/Src/stm32f4xx_hal_tim.o
LOAD ./Drivers/STM32F4xx_HAL_Driver/Src/stm32f4xx_hal_tim_ex.o
START GROUP
LOAD C:/ST/STM32CubeIDE_1.15.0/STM32CubeIDE/plugins/com.st.stm32cube.ide.mcu.externaltools.gnu-tools-for-stm32.12.3.rel1.win32_1.0.100.202403111256/tools/bin/../lib/gcc/arm-none-eabi/12.3.1/../../../../arm-none-eabi/lib/thumb/v7e-m+fp/hard\libc_nano.a
LOAD C:/ST/STM32CubeIDE_1.15.0/STM32CubeIDE/plugins/com.st.stm32cube.ide.mcu.externaltools.gnu-tools-for-stm32.12.3.rel1.win32_1.0.100.202403111256/tools/bin/../lib/gcc/arm-none-eabi/12.3.1/../../../../arm-none-eabi/lib/thumb/v7e-m+fp/hard\libm.a
END GROUP
START GROUP
LOAD C:/ST/STM32CubeIDE_1.15.0/STM32CubeIDE/plugins/com.st.stm32cube.ide.mcu.externaltools.gnu-tools-for-stm32.12.3.rel1.win32_1.0.100.202403111256/tools/bin/../lib/gcc/arm-none-eabi/12.3.1/thumb/v7e-m+fp/hard\libgcc.a
LOAD C:/ST/STM32CubeIDE_1.15.0/STM32CubeIDE/plugins/com.st.stm32cube.ide.mcu.externaltools.gnu-tools-for-stm32.12.3.rel1.win32_1.0.100.202403111256/tools/bin/../lib/gcc/arm-none-eabi/12.3.1/../../../../arm-none-eabi/lib/thumb/v7e-m+fp/hard\libc_nano.a
END GROUP
START GROUP
LOAD C:/ST/STM32CubeIDE_1.15.0/STM32CubeIDE/plugins/com.st.stm32cube.ide.mcu.externaltools.gnu-tools-for-stm32.12.3.rel1.win32_1.0.100.202403111256/tools/bin/../lib/gcc/arm-none-eabi/12.3.1/thumb/v7e-m+fp/hard\libgcc.a
LOAD C:/ST/STM32CubeIDE_1.15.0/STM32CubeIDE/plugins/com.st.stm32cube.ide.mcu.externaltools.gnu-tools-for-stm32.12.3.rel1.win32_1.0.100.202403111256/tools/bin/../lib/gcc/arm-none-eabi/12.3.1/../../../../arm-none-eabi/lib/thumb/v7e-m+fp/hard\libc_nano.a
LOAD C:/ST/STM32CubeIDE_1.15.0/STM32CubeIDE/plugins/com.st.stm32cube.ide.mcu.externaltools.gnu-tools-for-stm32.12.3.rel1.win32_1.0.100.202403111256/tools/bin/../lib/gcc/arm-none-eabi/12.3.1/../../../../arm-none-eabi/lib/thumb/v7e-m+fp/hard\libnosys.a
END GROUP
START GROUP
LOAD C:/ST/STM32CubeIDE_1.15.0/STM32CubeIDE/plugins/com.st.stm32cube.ide.mcu.externaltools.gnu-tools-for-stm32.12.3.rel1.win32_1.0.100.202403111256/tools/bin/../lib/gcc/arm-none-eabi/12.3.1/thumb/v7e-m+fp/hard\libgcc.a
LOAD C:/ST/STM32CubeIDE_1.15.0/STM32CubeIDE/plugins/com.st.stm32cube.ide.mcu.externaltools.gnu-tools-for-stm32.12.3.rel1.win32_1.0.100.202403111256/tools/bin/../lib/gcc/arm-none-eabi/12.3.1/../../../../arm-none-eabi/lib/thumb/v7e-m+fp/hard\libc_nano.a
LOAD C:/ST/STM32CubeIDE_1.15.0/STM32CubeIDE/plugins/com.st.stm32cube.ide.mcu.externaltools.gnu-tools-for-stm32.12.3.rel1.win32_1.0.100.202403111256/tools/bin/../lib/gcc/arm-none-eabi/12.3.1/../../../../arm-none-eabi/lib/thumb/v7e-m+fp/hard\libnosys.a
END GROUP
LOAD C:/ST/STM32CubeIDE_1.15.0/STM32CubeIDE/plugins/com.st.stm32cube.ide.mcu.externaltools.gnu-tools-for-stm32.12.3.rel1.win32_1.0.100.202403111256/tools/bin/../lib/gcc/arm-none-eabi/12.3.1/thumb/v7e-m+fp/hard/crtend.o
LOAD C:/ST/STM32CubeIDE_1.15.0/STM32CubeIDE/plugins/com.st.stm32cube.ide.mcu.externaltools.gnu-tools-for-stm32.12.3.rel1.win32_1.0.100.202403111256/tools/bin/../lib/gcc/arm-none-eabi/12.3.1/thumb/v7e-m+fp/hard/crtn.o
                0x20020000                        _estack = (ORIGIN (RAM) + LENGTH (RAM))
                0x00000200                        _Min_Heap_Size = 0x200
                0x00000400                        _Min_Stack_Size = 0x400

.isr_vector     0x08000000      0x188
                0x08000000                        . = ALIGN (0x4)
 *(.isr_vector)
 .isr_vector    0x08000000      0x188 ./Core/Startup/startup_stm32f407vgtx.o
                0x08000000                g_pfnVectors
                0x08000188                        . = ALIGN (0x4)

.text           0x08000188     0xa6c8
                0x08000188                        . = ALIGN (0x4)
 *(.text)
 .text          0x08000188       0x40 C:/ST/STM32CubeIDE_1.15.0/STM32CubeIDE/plugins/com.st.stm32cube.ide.mcu.externaltools.gnu-tools-for-stm32.12.3.rel1.win32_1.0.100.202403111256/tools/bin/../lib/gcc/arm-none-eabi/12.3.1/thumb/v7e-m+fp/hard/crtbegin.o
 .text          0x080001c8      0x378 C:/ST/STM32CubeIDE_1.15.0/STM32CubeIDE/plugins/com.st.stm32cube.ide.mcu.externaltools.gnu-tools-for-stm32.12.3.rel1.win32_1.0.100.202403111256/tools/bin/../lib/gcc/arm-none-eabi/12.3.1/thumb/v7e-m+fp/hard\libgcc.a(_arm_addsubdf3.o)
                0x080001c8                __aeabi_drsub
                0x080001d0                __aeabi_dsub
                0x080001d0                __subdf3
                0x080001d4                __aeabi_dadd
                0x080001d4                __adddf3
                0x0800044c                __floatunsidf
                0x0800044c                __aeabi_ui2d
                0x0800046c                __floatsidf
                0x0800046c                __aeabi_i2d
                0x08000490                __aeabi_f2d
                0x08000490                __extendsfdf2
                0x080004d4                __floatundidf
                0x080004d4                __aeabi_ul2d
                0x080004e4                __floatdidf
                0x080004e4                __aeabi_l2d
 .text          0x08000540      0x424 C:/ST/STM32CubeIDE_1.15.0/STM32CubeIDE/plugins/com.st.stm32cube.ide.mcu.externaltools.gnu-tools-for-stm32.12.3.rel1.win32_1.0.100.202403111256/tools/bin/../lib/gcc/arm-none-eabi/12.3.1/thumb/v7e-m+fp/hard\libgcc.a(_arm_muldivdf3.o)
                0x08000540                __aeabi_dmul
                0x08000540                __muldf3
                0x08000794                __divdf3
                0x08000794                __aeabi_ddiv
 .text          0x08000964      0x110 C:/ST/STM32CubeIDE_1.15.0/STM32CubeIDE/plugins/com.st.stm32cube.ide.mcu.externaltools.gnu-tools-for-stm32.12.3.rel1.win32_1.0.100.202403111256/tools/bin/../lib/gcc/arm-none-eabi/12.3.1/thumb/v7e-m+fp/hard\libgcc.a(_arm_cmpdf2.o)
                0x08000964                __gtdf2
                0x08000964                __gedf2
                0x0800096c                __ltdf2
                0x0800096c                __ledf2
                0x08000974                __nedf2
                0x08000974                __eqdf2
                0x08000974                __cmpdf2
                0x080009f0                __aeabi_cdrcmple
                0x08000a00                __aeabi_cdcmpeq
                0x08000a00                __aeabi_cdcmple
                0x08000a10                __aeabi_dcmpeq
                0x08000a24                __aeabi_dcmplt
                0x08000a38                __aeabi_dcmple
                0x08000a4c                __aeabi_dcmpge
                0x08000a60                __aeabi_dcmpgt
 .text          0x08000a74       0x2c C:/ST/STM32CubeIDE_1.15.0/STM32CubeIDE/plugins/com.st.stm32cube.ide.mcu.externaltools.gnu-tools-for-stm32.12.3.rel1.win32_1.0.100.202403111256/tools/bin/../lib/gcc/arm-none-eabi/12.3.1/thumb/v7e-m+fp/hard\libgcc.a(_arm_unorddf2.o)
                0x08000a74                __unorddf2
                0x08000a74                __aeabi_dcmpun
 .text          0x08000aa0       0x50 C:/ST/STM32CubeIDE_1.15.0/STM32CubeIDE/plugins/com.st.stm32cube.ide.mcu.externaltools.gnu-tools-for-stm32.12.3.rel1.win32_1.0.100.202403111256/tools/bin/../lib/gcc/arm-none-eabi/12.3.1/thumb/v7e-m+fp/hard\libgcc.a(_arm_fixdfsi.o)
                0x08000aa0                __aeabi_d2iz
                0x08000aa0                __fixdfsi
 .text          0x08000af0       0xa0 C:/ST/STM32CubeIDE_1.15.0/STM32CubeIDE/plugins/com.st.stm32cube.ide.mcu.externaltools.gnu-tools-for-stm32.12.3.rel1.win32_1.0.100.202403111256/tools/bin/../lib/gcc/arm-none-eabi/12.3.1/thumb/v7e-m+fp/hard\libgcc.a(_arm_truncdfsf2.o)
                0x08000af0                __truncdfsf2
                0x08000af0                __aeabi_d2f
 .text          0x08000b90       0x30 C:/ST/STM32CubeIDE_1.15.0/STM32CubeIDE/plugins/com.st.stm32cube.ide.mcu.externaltools.gnu-tools-for-stm32.12.3.rel1.win32_1.0.100.202403111256/tools/bin/../lib/gcc/arm-none-eabi/12.3.1/thumb/v7e-m+fp/hard\libgcc.a(_aeabi_uldivmod.o)
                0x08000b90                __aeabi_uldivmod
 .text          0x08000bc0      0x2bc C:/ST/STM32CubeIDE_1.15.0/STM32CubeIDE/plugins/com.st.stm32cube.ide.mcu.externaltools.gnu-tools-for-stm32.12.3.rel1.win32_1.0.100.202403111256/tools/bin/../lib/gcc/arm-none-eabi/12.3.1/thumb/v7e-m+fp/hard\libgcc.a(_udivmoddi4.o)
                0x08000bc0                __udivmoddi4
 .text          0x08000e7c        0x4 C:/ST/STM32CubeIDE_1.15.0/STM32CubeIDE/plugins/com.st.stm32cube.ide.mcu.externaltools.gnu-tools-for-stm32.12.3.rel1.win32_1.0.100.202403111256/tools/bin/../lib/gcc/arm-none-eabi/12.3.1/thumb/v7e-m+fp/hard\libgcc.a(_dvmd_tls.o)
                0x08000e7c                __aeabi_idiv0
                0x08000e7c                __aeabi_ldiv0
 *(.text*)
 .text.MX_GPIO_Init
                0x08000e80      0x16c ./Core/Src/gpio.o
                0x08000e80                MX_GPIO_Init
 .text.MX_I2C2_Init
                0x08000fec       0x5c ./Core/Src/i2c.o
                0x08000fec                MX_I2C2_Init
 .text.HAL_I2C_MspInit
                0x08001048       0x90 ./Core/Src/i2c.o
                0x08001048                HAL_I2C_MspInit
 .text.main     0x080010d8      0x26c ./Core/Src/main.o
                0x080010d8                main
 .text.SystemClock_Config
                0x08001344       0xd4 ./Core/Src/main.o
                0x08001344                SystemClock_Config
 .text.HAL_TIM_PeriodElapsedCallback
                0x08001418      0x624 ./Core/Src/main.o
                0x08001418                HAL_TIM_PeriodElapsedCallback
 *fill*         0x08001a3c        0x4 
 .text.CALCULATOR
                0x08001a40      0x3e0 ./Core/Src/main.o
                0x08001a40                CALCULATOR
 .text.PID_calculator
                0x08001e20      0x12c ./Core/Src/main.o
                0x08001e20                PID_calculator
 .text.HAL_GPIO_EXTI_Callback
                0x08001f4c       0x2c ./Core/Src/main.o
                0x08001f4c                HAL_GPIO_EXTI_Callback
 .text.calib_acc
                0x08001f78       0x56 ./Core/Src/main.o
                0x08001f78                calib_acc
 .text.acc_get_value_offset
                0x08001fce       0x32 ./Core/Src/main.o
                0x08001fce                acc_get_value_offset
 .text.calib_gyr
                0x08002000       0x56 ./Core/Src/main.o
                0x08002000                calib_gyr
 .text.gyr_get_value_offset
                0x08002056       0x32 ./Core/Src/main.o
                0x08002056                gyr_get_value_offset
 .text.calib_euler
                0x08002088       0x68 ./Core/Src/main.o
                0x08002088                calib_euler
 .text.euler_get_value_offset
                0x080020f0       0x38 ./Core/Src/main.o
                0x080020f0                euler_get_value_offset
 .text.BNO_init
                0x08002128       0x84 ./Core/Src/main.o
                0x08002128                BNO_init
 .text.__low_pass_filter
                0x080021ac       0x44 ./Core/Src/main.o
                0x080021ac                __low_pass_filter
 .text.Error_Handler
                0x080021f0        0xc ./Core/Src/main.o
                0x080021f0                Error_Handler
 .text.MX_SPI1_Init
                0x080021fc       0x6c ./Core/Src/spi.o
                0x080021fc                MX_SPI1_Init
 .text.HAL_SPI_MspInit
                0x08002268       0x90 ./Core/Src/spi.o
                0x08002268                HAL_SPI_MspInit
 .text.HAL_MspInit
                0x080022f8       0x50 ./Core/Src/stm32f4xx_hal_msp.o
                0x080022f8                HAL_MspInit
 .text.NMI_Handler
                0x08002348        0x8 ./Core/Src/stm32f4xx_it.o
                0x08002348                NMI_Handler
 .text.HardFault_Handler
                0x08002350        0x8 ./Core/Src/stm32f4xx_it.o
                0x08002350                HardFault_Handler
 .text.MemManage_Handler
                0x08002358        0x8 ./Core/Src/stm32f4xx_it.o
                0x08002358                MemManage_Handler
 .text.BusFault_Handler
                0x08002360        0x8 ./Core/Src/stm32f4xx_it.o
                0x08002360                BusFault_Handler
 .text.UsageFault_Handler
                0x08002368        0x8 ./Core/Src/stm32f4xx_it.o
                0x08002368                UsageFault_Handler
 .text.SVC_Handler
                0x08002370        0xe ./Core/Src/stm32f4xx_it.o
                0x08002370                SVC_Handler
 .text.DebugMon_Handler
                0x0800237e        0xe ./Core/Src/stm32f4xx_it.o
                0x0800237e                DebugMon_Handler
 .text.PendSV_Handler
                0x0800238c        0xe ./Core/Src/stm32f4xx_it.o
                0x0800238c                PendSV_Handler
 .text.SysTick_Handler
                0x0800239a        0xc ./Core/Src/stm32f4xx_it.o
                0x0800239a                SysTick_Handler
 .text.EXTI9_5_IRQHandler
                0x080023a6        0xe ./Core/Src/stm32f4xx_it.o
                0x080023a6                EXTI9_5_IRQHandler
 .text.TIM2_IRQHandler
                0x080023b4       0x14 ./Core/Src/stm32f4xx_it.o
                0x080023b4                TIM2_IRQHandler
 .text.SystemInit
                0x080023c8       0x24 ./Core/Src/system_stm32f4xx.o
                0x080023c8                SystemInit
 .text.MX_TIM2_Init
                0x080023ec       0x98 ./Core/Src/tim.o
                0x080023ec                MX_TIM2_Init
 .text.MX_TIM3_Init
                0x08002484       0xa8 ./Core/Src/tim.o
                0x08002484                MX_TIM3_Init
 .text.MX_TIM4_Init
                0x0800252c       0xb4 ./Core/Src/tim.o
                0x0800252c                MX_TIM4_Init
 .text.MX_TIM5_Init
                0x080025e0       0xb4 ./Core/Src/tim.o
                0x080025e0                MX_TIM5_Init
 .text.MX_TIM8_Init
                0x08002694       0xb0 ./Core/Src/tim.o
                0x08002694                MX_TIM8_Init
 .text.HAL_TIM_Base_MspInit
                0x08002744       0x4c ./Core/Src/tim.o
                0x08002744                HAL_TIM_Base_MspInit
 .text.HAL_TIM_Encoder_MspInit
                0x08002790       0xfc ./Core/Src/tim.o
                0x08002790                HAL_TIM_Encoder_MspInit
 .text.HAL_TIM_PWM_MspInit
                0x0800288c       0x70 ./Core/Src/tim.o
                0x0800288c                HAL_TIM_PWM_MspInit
 .text.HAL_TIM_MspPostInit
                0x080028fc       0xc4 ./Core/Src/tim.o
                0x080028fc                HAL_TIM_MspPostInit
 .text.Reset_Handler
                0x080029c0       0x50 ./Core/Startup/startup_stm32f407vgtx.o
                0x080029c0                Reset_Handler
 .text.Default_Handler
                0x08002a10        0x2 ./Core/Startup/startup_stm32f407vgtx.o
                0x08002a10                RTC_Alarm_IRQHandler
                0x08002a10                HASH_RNG_IRQHandler
                0x08002a10                EXTI2_IRQHandler
                0x08002a10                TIM8_CC_IRQHandler
                0x08002a10                TIM1_CC_IRQHandler
                0x08002a10                DMA2_Stream5_IRQHandler
                0x08002a10                DMA1_Stream5_IRQHandler
                0x08002a10                PVD_IRQHandler
                0x08002a10                SDIO_IRQHandler
                0x08002a10                TAMP_STAMP_IRQHandler
                0x08002a10                CAN2_RX1_IRQHandler
                0x08002a10                EXTI3_IRQHandler
                0x08002a10                TIM8_TRG_COM_TIM14_IRQHandler
                0x08002a10                TIM1_UP_TIM10_IRQHandler
                0x08002a10                TIM8_UP_TIM13_IRQHandler
                0x08002a10                I2C3_ER_IRQHandler
                0x08002a10                EXTI0_IRQHandler
                0x08002a10                I2C2_EV_IRQHandler
                0x08002a10                DMA1_Stream2_IRQHandler
                0x08002a10                CAN1_RX0_IRQHandler
                0x08002a10                FPU_IRQHandler
                0x08002a10                OTG_HS_WKUP_IRQHandler
                0x08002a10                CAN2_SCE_IRQHandler
                0x08002a10                DMA2_Stream2_IRQHandler
                0x08002a10                SPI1_IRQHandler
                0x08002a10                TIM6_DAC_IRQHandler
                0x08002a10                TIM1_BRK_TIM9_IRQHandler
                0x08002a10                DCMI_IRQHandler
                0x08002a10                CAN2_RX0_IRQHandler
                0x08002a10                DMA2_Stream3_IRQHandler
                0x08002a10                USART6_IRQHandler
                0x08002a10                USART3_IRQHandler
                0x08002a10                CAN1_RX1_IRQHandler
                0x08002a10                UART5_IRQHandler
                0x08002a10                DMA2_Stream0_IRQHandler
                0x08002a10                TIM4_IRQHandler
                0x08002a10                I2C1_EV_IRQHandler
                0x08002a10                DMA1_Stream6_IRQHandler
                0x08002a10                DMA1_Stream1_IRQHandler
                0x08002a10                UART4_IRQHandler
                0x08002a10                TIM3_IRQHandler
                0x08002a10                RCC_IRQHandler
                0x08002a10                TIM8_BRK_TIM12_IRQHandler
                0x08002a10                Default_Handler
                0x08002a10                EXTI15_10_IRQHandler
                0x08002a10                ADC_IRQHandler
                0x08002a10                DMA1_Stream7_IRQHandler
                0x08002a10                TIM7_IRQHandler
                0x08002a10                CAN2_TX_IRQHandler
                0x08002a10                TIM5_IRQHandler
                0x08002a10                DMA2_Stream7_IRQHandler
                0x08002a10                I2C3_EV_IRQHandler
                0x08002a10                RTC_WKUP_IRQHandler
                0x08002a10                ETH_WKUP_IRQHandler
                0x08002a10                SPI2_IRQHandler
                0x08002a10                OTG_HS_EP1_IN_IRQHandler
                0x08002a10                DMA1_Stream0_IRQHandler
                0x08002a10                CAN1_TX_IRQHandler
                0x08002a10                EXTI4_IRQHandler
                0x08002a10                FSMC_IRQHandler
                0x08002a10                ETH_IRQHandler
                0x08002a10                OTG_HS_EP1_OUT_IRQHandler
                0x08002a10                WWDG_IRQHandler
                0x08002a10                OTG_FS_WKUP_IRQHandler
                0x08002a10                TIM1_TRG_COM_TIM11_IRQHandler
                0x08002a10                OTG_HS_IRQHandler
                0x08002a10                EXTI1_IRQHandler
                0x08002a10                USART2_IRQHandler
                0x08002a10                I2C2_ER_IRQHandler
                0x08002a10                DMA2_Stream1_IRQHandler
                0x08002a10                CAN1_SCE_IRQHandler
                0x08002a10                FLASH_IRQHandler
                0x08002a10                DMA2_Stream4_IRQHandler
                0x08002a10                USART1_IRQHandler
                0x08002a10                OTG_FS_IRQHandler
                0x08002a10                SPI3_IRQHandler
                0x08002a10                DMA1_Stream4_IRQHandler
                0x08002a10                I2C1_ER_IRQHandler
                0x08002a10                DMA2_Stream6_IRQHandler
                0x08002a10                DMA1_Stream3_IRQHandler
 *fill*         0x08002a12        0x2 
 .text.bno055_init
                0x08002a14      0x248 ./Core/lib/bno055.o
                0x08002a14                bno055_init
 .text.bno055_temperature
                0x08002c5c       0x66 ./Core/lib/bno055.o
                0x08002c5c                bno055_temperature
 *fill*         0x08002cc2        0x2 
 .text.bno055_acc_x
                0x08002cc4       0x80 ./Core/lib/bno055.o
                0x08002cc4                bno055_acc_x
 .text.bno055_acc_y
                0x08002d44       0x80 ./Core/lib/bno055.o
                0x08002d44                bno055_acc_y
 .text.bno055_acc_z
                0x08002dc4       0x80 ./Core/lib/bno055.o
                0x08002dc4                bno055_acc_z
 .text.bno055_acc
                0x08002e44       0xcc ./Core/lib/bno055.o
                0x08002e44                bno055_acc
 .text.bno055_linear_acc_x
                0x08002f10       0x80 ./Core/lib/bno055.o
                0x08002f10                bno055_linear_acc_x
 .text.bno055_linear_acc_y
                0x08002f90       0x80 ./Core/lib/bno055.o
                0x08002f90                bno055_linear_acc_y
 .text.bno055_linear_acc_z
                0x08003010       0x80 ./Core/lib/bno055.o
                0x08003010                bno055_linear_acc_z
 .text.bno055_linear_acc
                0x08003090       0xcc ./Core/lib/bno055.o
                0x08003090                bno055_linear_acc
 .text.bno055_gyro_x
                0x0800315c       0x80 ./Core/lib/bno055.o
                0x0800315c                bno055_gyro_x
 .text.bno055_gyro_y
                0x080031dc       0x80 ./Core/lib/bno055.o
                0x080031dc                bno055_gyro_y
 .text.bno055_gyro_z
                0x0800325c       0x80 ./Core/lib/bno055.o
                0x0800325c                bno055_gyro_z
 .text.bno055_gyro
                0x080032dc       0xcc ./Core/lib/bno055.o
                0x080032dc                bno055_gyro
 .text.bno055_mag_x
                0x080033a8       0x6c ./Core/lib/bno055.o
                0x080033a8                bno055_mag_x
 .text.bno055_mag_y
                0x08003414       0x6c ./Core/lib/bno055.o
                0x08003414                bno055_mag_y
 .text.bno055_mag_z
                0x08003480       0x6c ./Core/lib/bno055.o
                0x08003480                bno055_mag_z
 .text.bno055_mag
                0x080034ec       0xb4 ./Core/lib/bno055.o
                0x080034ec                bno055_mag
 .text.bno055_gravity_x
                0x080035a0       0x84 ./Core/lib/bno055.o
                0x080035a0                bno055_gravity_x
 .text.bno055_gravity_y
                0x08003624       0x84 ./Core/lib/bno055.o
                0x08003624                bno055_gravity_y
 .text.bno055_gravity_z
                0x080036a8       0x84 ./Core/lib/bno055.o
                0x080036a8                bno055_gravity_z
 .text.bno055_gravity
                0x0800372c       0xcc ./Core/lib/bno055.o
                0x0800372c                bno055_gravity
 .text.bno055_euler_yaw
                0x080037f8       0x84 ./Core/lib/bno055.o
                0x080037f8                bno055_euler_yaw
 .text.bno055_euler_roll
                0x0800387c       0x84 ./Core/lib/bno055.o
                0x0800387c                bno055_euler_roll
 .text.bno055_euler_pitch
                0x08003900       0x84 ./Core/lib/bno055.o
                0x08003900                bno055_euler_pitch
 .text.bno055_euler
                0x08003984       0xcc ./Core/lib/bno055.o
                0x08003984                bno055_euler
 .text.bno055_quaternion_w
                0x08003a50       0x70 ./Core/lib/bno055.o
                0x08003a50                bno055_quaternion_w
 .text.bno055_quaternion_x
                0x08003ac0       0x70 ./Core/lib/bno055.o
                0x08003ac0                bno055_quaternion_x
 .text.bno055_quaternion_y
                0x08003b30       0x70 ./Core/lib/bno055.o
                0x08003b30                bno055_quaternion_y
 .text.bno055_quaternion_z
                0x08003ba0       0x70 ./Core/lib/bno055.o
                0x08003ba0                bno055_quaternion_z
 .text.bno055_quaternion
                0x08003c10       0xdc ./Core/lib/bno055.o
                0x08003c10                bno055_quaternion
 .text.bno055_acc_conf
                0x08003cec       0xd0 ./Core/lib/bno055.o
                0x08003cec                bno055_acc_conf
 .text.bno055_gyr_conf
                0x08003dbc       0xce ./Core/lib/bno055.o
                0x08003dbc                bno055_gyr_conf
 .text.bno055_mag_conf
                0x08003e8a       0xd0 ./Core/lib/bno055.o
                0x08003e8a                bno055_mag_conf
 .text.bno055_set_opmode
                0x08003f5a       0x4e ./Core/lib/bno055.o
                0x08003f5a                bno055_set_opmode
 .text.bno055_set_unit
                0x08003fa8       0xd0 ./Core/lib/bno055.o
                0x08003fa8                bno055_set_unit
 .text.bno055_set_pwr_mode
                0x08004078       0xba ./Core/lib/bno055.o
                0x08004078                bno055_set_pwr_mode
 .text.bno055_reset
                0x08004132       0x46 ./Core/lib/bno055.o
                0x08004132                bno055_reset
 .text.bno055_on
                0x08004178       0x46 ./Core/lib/bno055.o
                0x08004178                bno055_on
 .text.bno055_read_regs
                0x080041be       0x6c ./Core/lib/bno055.o
                0x080041be                bno055_read_regs
 .text.bno055_write_regs
                0x0800422a       0x5c ./Core/lib/bno055.o
                0x0800422a                bno055_write_regs
 .text.bno055_set_page
                0x08004286       0x6c ./Core/lib/bno055.o
                0x08004286                bno055_set_page
 .text._pack_data
                0x080042f2       0x7e ./Core/lib/config_data.o
                0x080042f2                _pack_data
 .text.esc_init
                0x08004370       0x20 ./Core/lib/esc.o
                0x08004370                esc_init
 .text.calib_esc
                0x08004390       0x30 ./Core/lib/esc.o
                0x08004390                calib_esc
 .text.MotorDriver
                0x080043c0       0x6c ./Core/lib/esc.o
                0x080043c0                MotorDriver
 .text.cs_high  0x0800442c       0x18 ./Core/lib/nrf24l01p.o
 .text.cs_low   0x08004444       0x18 ./Core/lib/nrf24l01p.o
 .text.ce_high  0x0800445c       0x18 ./Core/lib/nrf24l01p.o
 .text.ce_low   0x08004474       0x18 ./Core/lib/nrf24l01p.o
 .text.read_register
                0x0800448c       0x4c ./Core/lib/nrf24l01p.o
 .text.write_register
                0x080044d8       0x5c ./Core/lib/nrf24l01p.o
 .text.nrf24l01p_tx_init
                0x08004534       0x56 ./Core/lib/nrf24l01p.o
                0x08004534                nrf24l01p_tx_init
 .text.nrf24l01p_tx_transmit
                0x0800458a       0x16 ./Core/lib/nrf24l01p.o
                0x0800458a                nrf24l01p_tx_transmit
 .text.nrf24l01p_tx_irq
                0x080045a0       0x48 ./Core/lib/nrf24l01p.o
                0x080045a0                nrf24l01p_tx_irq
 .text.nrf24l01p_reset
                0x080045e8       0xa8 ./Core/lib/nrf24l01p.o
                0x080045e8                nrf24l01p_reset
 .text.nrf24l01p_ptx_mode
                0x08004690       0x2a ./Core/lib/nrf24l01p.o
                0x08004690                nrf24l01p_ptx_mode
 *fill*         0x080046ba        0x2 
 .text.nrf24l01p_write_tx_fifo
                0x080046bc       0x48 ./Core/lib/nrf24l01p.o
                0x080046bc                nrf24l01p_write_tx_fifo
 .text.nrf24l01p_flush_rx_fifo
                0x08004704       0x30 ./Core/lib/nrf24l01p.o
                0x08004704                nrf24l01p_flush_rx_fifo
 .text.nrf24l01p_flush_tx_fifo
                0x08004734       0x30 ./Core/lib/nrf24l01p.o
                0x08004734                nrf24l01p_flush_tx_fifo
 .text.nrf24l01p_get_status
                0x08004764       0x34 ./Core/lib/nrf24l01p.o
                0x08004764                nrf24l01p_get_status
 .text.nrf24l01p_clear_tx_ds
                0x08004798       0x28 ./Core/lib/nrf24l01p.o
                0x08004798                nrf24l01p_clear_tx_ds
 .text.nrf24l01p_clear_max_rt
                0x080047c0       0x28 ./Core/lib/nrf24l01p.o
                0x080047c0                nrf24l01p_clear_max_rt
 .text.nrf24l01p_power_up
                0x080047e8       0x2a ./Core/lib/nrf24l01p.o
                0x080047e8                nrf24l01p_power_up
 .text.nrf24l01p_set_crc_length
                0x08004812       0x46 ./Core/lib/nrf24l01p.o
                0x08004812                nrf24l01p_set_crc_length
 .text.nrf24l01p_set_address_widths
                0x08004858       0x20 ./Core/lib/nrf24l01p.o
                0x08004858                nrf24l01p_set_address_widths
 .text.nrf24l01p_auto_retransmit_count
                0x08004878       0x36 ./Core/lib/nrf24l01p.o
                0x08004878                nrf24l01p_auto_retransmit_count
 *fill*         0x080048ae        0x2 
 .text.nrf24l01p_auto_retransmit_delay
                0x080048b0       0x50 ./Core/lib/nrf24l01p.o
                0x080048b0                nrf24l01p_auto_retransmit_delay
 .text.nrf24l01p_set_rf_channel
                0x08004900       0x26 ./Core/lib/nrf24l01p.o
                0x08004900                nrf24l01p_set_rf_channel
 .text.nrf24l01p_set_rf_tx_output_power
                0x08004926       0x3a ./Core/lib/nrf24l01p.o
                0x08004926                nrf24l01p_set_rf_tx_output_power
 .text.nrf24l01p_set_rf_air_data_rate
                0x08004960       0x52 ./Core/lib/nrf24l01p.o
                0x08004960                nrf24l01p_set_rf_air_data_rate
 *fill*         0x080049b2        0x2 
 .text.HAL_Init
                0x080049b4       0x44 ./Drivers/STM32F4xx_HAL_Driver/Src/stm32f4xx_hal.o
                0x080049b4                HAL_Init
 .text.HAL_InitTick
                0x080049f8       0x60 ./Drivers/STM32F4xx_HAL_Driver/Src/stm32f4xx_hal.o
                0x080049f8                HAL_InitTick
 .text.HAL_IncTick
                0x08004a58       0x28 ./Drivers/STM32F4xx_HAL_Driver/Src/stm32f4xx_hal.o
                0x08004a58                HAL_IncTick
 .text.HAL_GetTick
                0x08004a80       0x18 ./Drivers/STM32F4xx_HAL_Driver/Src/stm32f4xx_hal.o
                0x08004a80                HAL_GetTick
 .text.HAL_Delay
                0x08004a98       0x48 ./Drivers/STM32F4xx_HAL_Driver/Src/stm32f4xx_hal.o
                0x08004a98                HAL_Delay
 .text.__NVIC_SetPriorityGrouping
                0x08004ae0       0x48 ./Drivers/STM32F4xx_HAL_Driver/Src/stm32f4xx_hal_cortex.o
 .text.__NVIC_GetPriorityGrouping
                0x08004b28       0x1c ./Drivers/STM32F4xx_HAL_Driver/Src/stm32f4xx_hal_cortex.o
 .text.__NVIC_EnableIRQ
                0x08004b44       0x3c ./Drivers/STM32F4xx_HAL_Driver/Src/stm32f4xx_hal_cortex.o
 .text.__NVIC_SetPriority
                0x08004b80       0x54 ./Drivers/STM32F4xx_HAL_Driver/Src/stm32f4xx_hal_cortex.o
 .text.NVIC_EncodePriority
                0x08004bd4       0x66 ./Drivers/STM32F4xx_HAL_Driver/Src/stm32f4xx_hal_cortex.o
 *fill*         0x08004c3a        0x2 
 .text.SysTick_Config
                0x08004c3c       0x44 ./Drivers/STM32F4xx_HAL_Driver/Src/stm32f4xx_hal_cortex.o
 .text.HAL_NVIC_SetPriorityGrouping
                0x08004c80       0x16 ./Drivers/STM32F4xx_HAL_Driver/Src/stm32f4xx_hal_cortex.o
                0x08004c80                HAL_NVIC_SetPriorityGrouping
 .text.HAL_NVIC_SetPriority
                0x08004c96       0x38 ./Drivers/STM32F4xx_HAL_Driver/Src/stm32f4xx_hal_cortex.o
                0x08004c96                HAL_NVIC_SetPriority
 .text.HAL_NVIC_EnableIRQ
                0x08004cce       0x1c ./Drivers/STM32F4xx_HAL_Driver/Src/stm32f4xx_hal_cortex.o
                0x08004cce                HAL_NVIC_EnableIRQ
 .text.HAL_SYSTICK_Config
                0x08004cea       0x18 ./Drivers/STM32F4xx_HAL_Driver/Src/stm32f4xx_hal_cortex.o
                0x08004cea                HAL_SYSTICK_Config
 *fill*         0x08004d02        0x2 
 .text.HAL_GPIO_Init
                0x08004d04      0x338 ./Drivers/STM32F4xx_HAL_Driver/Src/stm32f4xx_hal_gpio.o
                0x08004d04                HAL_GPIO_Init
 .text.HAL_GPIO_ReadPin
                0x0800503c       0x30 ./Drivers/STM32F4xx_HAL_Driver/Src/stm32f4xx_hal_gpio.o
                0x0800503c                HAL_GPIO_ReadPin
 .text.HAL_GPIO_WritePin
                0x0800506c       0x32 ./Drivers/STM32F4xx_HAL_Driver/Src/stm32f4xx_hal_gpio.o
                0x0800506c                HAL_GPIO_WritePin
 .text.HAL_GPIO_TogglePin
                0x0800509e       0x34 ./Drivers/STM32F4xx_HAL_Driver/Src/stm32f4xx_hal_gpio.o
                0x0800509e                HAL_GPIO_TogglePin
 *fill*         0x080050d2        0x2 
 .text.HAL_GPIO_EXTI_IRQHandler
                0x080050d4       0x30 ./Drivers/STM32F4xx_HAL_Driver/Src/stm32f4xx_hal_gpio.o
                0x080050d4                HAL_GPIO_EXTI_IRQHandler
 .text.HAL_I2C_Init
                0x08005104      0x288 ./Drivers/STM32F4xx_HAL_Driver/Src/stm32f4xx_hal_i2c.o
                0x08005104                HAL_I2C_Init
 .text.HAL_I2C_Master_Transmit
                0x0800538c      0x1fc ./Drivers/STM32F4xx_HAL_Driver/Src/stm32f4xx_hal_i2c.o
                0x0800538c                HAL_I2C_Master_Transmit
 .text.HAL_I2C_Master_Receive
                0x08005588      0x464 ./Drivers/STM32F4xx_HAL_Driver/Src/stm32f4xx_hal_i2c.o
                0x08005588                HAL_I2C_Master_Receive
 .text.HAL_I2C_Mem_Write
                0x080059ec      0x1f4 ./Drivers/STM32F4xx_HAL_Driver/Src/stm32f4xx_hal_i2c.o
                0x080059ec                HAL_I2C_Mem_Write
 .text.I2C_MasterRequestWrite
                0x08005be0      0x104 ./Drivers/STM32F4xx_HAL_Driver/Src/stm32f4xx_hal_i2c.o
 .text.I2C_MasterRequestRead
                0x08005ce4      0x19c ./Drivers/STM32F4xx_HAL_Driver/Src/stm32f4xx_hal_i2c.o
 .text.I2C_RequestMemoryWrite
                0x08005e80      0x12c ./Drivers/STM32F4xx_HAL_Driver/Src/stm32f4xx_hal_i2c.o
 .text.I2C_WaitOnFlagUntilTimeout
                0x08005fac       0xf4 ./Drivers/STM32F4xx_HAL_Driver/Src/stm32f4xx_hal_i2c.o
 .text.I2C_WaitOnMasterAddressFlagUntilTimeout
                0x080060a0      0x140 ./Drivers/STM32F4xx_HAL_Driver/Src/stm32f4xx_hal_i2c.o
 .text.I2C_WaitOnTXEFlagUntilTimeout
                0x080061e0       0x90 ./Drivers/STM32F4xx_HAL_Driver/Src/stm32f4xx_hal_i2c.o
 .text.I2C_WaitOnBTFFlagUntilTimeout
                0x08006270       0x90 ./Drivers/STM32F4xx_HAL_Driver/Src/stm32f4xx_hal_i2c.o
 .text.I2C_WaitOnRXNEFlagUntilTimeout
                0x08006300       0xba ./Drivers/STM32F4xx_HAL_Driver/Src/stm32f4xx_hal_i2c.o
 .text.I2C_IsAcknowledgeFailed
                0x080063ba       0x5e ./Drivers/STM32F4xx_HAL_Driver/Src/stm32f4xx_hal_i2c.o
 .text.HAL_RCC_OscConfig
                0x08006418      0x4f0 ./Drivers/STM32F4xx_HAL_Driver/Src/stm32f4xx_hal_rcc.o
                0x08006418                HAL_RCC_OscConfig
 .text.HAL_RCC_ClockConfig
                0x08006908      0x1cc ./Drivers/STM32F4xx_HAL_Driver/Src/stm32f4xx_hal_rcc.o
                0x08006908                HAL_RCC_ClockConfig
 .text.HAL_RCC_GetSysClockFreq
                0x08006ad4      0x20c ./Drivers/STM32F4xx_HAL_Driver/Src/stm32f4xx_hal_rcc.o
                0x08006ad4                HAL_RCC_GetSysClockFreq
 .text.HAL_RCC_GetHCLKFreq
                0x08006ce0       0x18 ./Drivers/STM32F4xx_HAL_Driver/Src/stm32f4xx_hal_rcc.o
                0x08006ce0                HAL_RCC_GetHCLKFreq
 .text.HAL_RCC_GetPCLK1Freq
                0x08006cf8       0x28 ./Drivers/STM32F4xx_HAL_Driver/Src/stm32f4xx_hal_rcc.o
                0x08006cf8                HAL_RCC_GetPCLK1Freq
 .text.HAL_SPI_Init
                0x08006d20      0x112 ./Drivers/STM32F4xx_HAL_Driver/Src/stm32f4xx_hal_spi.o
                0x08006d20                HAL_SPI_Init
 .text.HAL_SPI_Transmit
                0x08006e32      0x288 ./Drivers/STM32F4xx_HAL_Driver/Src/stm32f4xx_hal_spi.o
                0x08006e32                HAL_SPI_Transmit
 .text.HAL_SPI_Receive
                0x080070ba      0x232 ./Drivers/STM32F4xx_HAL_Driver/Src/stm32f4xx_hal_spi.o
                0x080070ba                HAL_SPI_Receive
 .text.HAL_SPI_TransmitReceive
                0x080072ec      0x352 ./Drivers/STM32F4xx_HAL_Driver/Src/stm32f4xx_hal_spi.o
                0x080072ec                HAL_SPI_TransmitReceive
 *fill*         0x0800763e        0x2 
 .text.SPI_WaitFlagStateUntilTimeout
                0x08007640      0x110 ./Drivers/STM32F4xx_HAL_Driver/Src/stm32f4xx_hal_spi.o
 .text.SPI_EndRxTransaction
                0x08007750       0xca ./Drivers/STM32F4xx_HAL_Driver/Src/stm32f4xx_hal_spi.o
 *fill*         0x0800781a        0x2 
 .text.SPI_EndRxTxTransaction
                0x0800781c       0xa8 ./Drivers/STM32F4xx_HAL_Driver/Src/stm32f4xx_hal_spi.o
 .text.HAL_TIM_Base_Init
                0x080078c4       0x9e ./Drivers/STM32F4xx_HAL_Driver/Src/stm32f4xx_hal_tim.o
                0x080078c4                HAL_TIM_Base_Init
 *fill*         0x08007962        0x2 
 .text.HAL_TIM_Base_Start_IT
                0x08007964       0xe0 ./Drivers/STM32F4xx_HAL_Driver/Src/stm32f4xx_hal_tim.o
                0x08007964                HAL_TIM_Base_Start_IT
 .text.HAL_TIM_PWM_Init
                0x08007a44       0x9e ./Drivers/STM32F4xx_HAL_Driver/Src/stm32f4xx_hal_tim.o
                0x08007a44                HAL_TIM_PWM_Init
 *fill*         0x08007ae2        0x2 
 .text.HAL_TIM_PWM_Start_IT
                0x08007ae4      0x22c ./Drivers/STM32F4xx_HAL_Driver/Src/stm32f4xx_hal_tim.o
                0x08007ae4                HAL_TIM_PWM_Start_IT
 .text.HAL_TIM_Encoder_Init
                0x08007d10      0x14c ./Drivers/STM32F4xx_HAL_Driver/Src/stm32f4xx_hal_tim.o
                0x08007d10                HAL_TIM_Encoder_Init
 .text.HAL_TIM_Encoder_Start_IT
                0x08007e5c      0x15c ./Drivers/STM32F4xx_HAL_Driver/Src/stm32f4xx_hal_tim.o
                0x08007e5c                HAL_TIM_Encoder_Start_IT
 .text.HAL_TIM_IRQHandler
                0x08007fb8      0x1e0 ./Drivers/STM32F4xx_HAL_Driver/Src/stm32f4xx_hal_tim.o
                0x08007fb8                HAL_TIM_IRQHandler
 .text.HAL_TIM_PWM_ConfigChannel
                0x08008198      0x184 ./Drivers/STM32F4xx_HAL_Driver/Src/stm32f4xx_hal_tim.o
                0x08008198                HAL_TIM_PWM_ConfigChannel
 .text.HAL_TIM_ConfigClockSource
                0x0800831c      0x18e ./Drivers/STM32F4xx_HAL_Driver/Src/stm32f4xx_hal_tim.o
                0x0800831c                HAL_TIM_ConfigClockSource
 .text.HAL_TIM_OC_DelayElapsedCallback
                0x080084aa       0x14 ./Drivers/STM32F4xx_HAL_Driver/Src/stm32f4xx_hal_tim.o
                0x080084aa                HAL_TIM_OC_DelayElapsedCallback
 .text.HAL_TIM_IC_CaptureCallback
                0x080084be       0x14 ./Drivers/STM32F4xx_HAL_Driver/Src/stm32f4xx_hal_tim.o
                0x080084be                HAL_TIM_IC_CaptureCallback
 .text.HAL_TIM_PWM_PulseFinishedCallback
                0x080084d2       0x14 ./Drivers/STM32F4xx_HAL_Driver/Src/stm32f4xx_hal_tim.o
                0x080084d2                HAL_TIM_PWM_PulseFinishedCallback
 .text.HAL_TIM_TriggerCallback
                0x080084e6       0x14 ./Drivers/STM32F4xx_HAL_Driver/Src/stm32f4xx_hal_tim.o
                0x080084e6                HAL_TIM_TriggerCallback
 *fill*         0x080084fa        0x2 
 .text.TIM_Base_SetConfig
                0x080084fc      0x158 ./Drivers/STM32F4xx_HAL_Driver/Src/stm32f4xx_hal_tim.o
                0x080084fc                TIM_Base_SetConfig
 .text.TIM_OC1_SetConfig
                0x08008654       0xe0 ./Drivers/STM32F4xx_HAL_Driver/Src/stm32f4xx_hal_tim.o
 .text.TIM_OC2_SetConfig
                0x08008734       0xec ./Drivers/STM32F4xx_HAL_Driver/Src/stm32f4xx_hal_tim.o
                0x08008734                TIM_OC2_SetConfig
 .text.TIM_OC3_SetConfig
                0x08008820       0xe8 ./Drivers/STM32F4xx_HAL_Driver/Src/stm32f4xx_hal_tim.o
 .text.TIM_OC4_SetConfig
                0x08008908       0xac ./Drivers/STM32F4xx_HAL_Driver/Src/stm32f4xx_hal_tim.o
 .text.TIM_TI1_ConfigInputStage
                0x080089b4       0x5e ./Drivers/STM32F4xx_HAL_Driver/Src/stm32f4xx_hal_tim.o
 .text.TIM_TI2_ConfigInputStage
                0x08008a12       0x60 ./Drivers/STM32F4xx_HAL_Driver/Src/stm32f4xx_hal_tim.o
 .text.TIM_ITRx_SetConfig
                0x08008a72       0x36 ./Drivers/STM32F4xx_HAL_Driver/Src/stm32f4xx_hal_tim.o
 .text.TIM_ETR_SetConfig
                0x08008aa8       0x40 ./Drivers/STM32F4xx_HAL_Driver/Src/stm32f4xx_hal_tim.o
                0x08008aa8                TIM_ETR_SetConfig
 .text.TIM_CCxChannelCmd
                0x08008ae8       0x4a ./Drivers/STM32F4xx_HAL_Driver/Src/stm32f4xx_hal_tim.o
                0x08008ae8                TIM_CCxChannelCmd
 *fill*         0x08008b32        0x2 
 .text.HAL_TIMEx_MasterConfigSynchronization
                0x08008b34       0xf8 ./Drivers/STM32F4xx_HAL_Driver/Src/stm32f4xx_hal_tim_ex.o
                0x08008b34                HAL_TIMEx_MasterConfigSynchronization
 .text.HAL_TIMEx_CommutCallback
                0x08008c2c       0x14 ./Drivers/STM32F4xx_HAL_Driver/Src/stm32f4xx_hal_tim_ex.o
                0x08008c2c                HAL_TIMEx_CommutCallback
 .text.HAL_TIMEx_BreakCallback
                0x08008c40       0x14 ./Drivers/STM32F4xx_HAL_Driver/Src/stm32f4xx_hal_tim_ex.o
                0x08008c40                HAL_TIMEx_BreakCallback
 .text.memset   0x08008c54       0x10 C:/ST/STM32CubeIDE_1.15.0/STM32CubeIDE/plugins/com.st.stm32cube.ide.mcu.externaltools.gnu-tools-for-stm32.12.3.rel1.win32_1.0.100.202403111256/tools/bin/../lib/gcc/arm-none-eabi/12.3.1/../../../../arm-none-eabi/lib/thumb/v7e-m+fp/hard\libc_nano.a(libc_a-memset.o)
                0x08008c54                memset
 .text.__errno  0x08008c64        0xc C:/ST/STM32CubeIDE_1.15.0/STM32CubeIDE/plugins/com.st.stm32cube.ide.mcu.externaltools.gnu-tools-for-stm32.12.3.rel1.win32_1.0.100.202403111256/tools/bin/../lib/gcc/arm-none-eabi/12.3.1/../../../../arm-none-eabi/lib/thumb/v7e-m+fp/hard\libc_nano.a(libc_a-errno.o)
                0x08008c64                __errno
 .text.__libc_init_array
                0x08008c70       0x48 C:/ST/STM32CubeIDE_1.15.0/STM32CubeIDE/plugins/com.st.stm32cube.ide.mcu.externaltools.gnu-tools-for-stm32.12.3.rel1.win32_1.0.100.202403111256/tools/bin/../lib/gcc/arm-none-eabi/12.3.1/../../../../arm-none-eabi/lib/thumb/v7e-m+fp/hard\libc_nano.a(libc_a-init.o)
                0x08008c70                __libc_init_array
 .text.memcpy   0x08008cb8       0x1c C:/ST/STM32CubeIDE_1.15.0/STM32CubeIDE/plugins/com.st.stm32cube.ide.mcu.externaltools.gnu-tools-for-stm32.12.3.rel1.win32_1.0.100.202403111256/tools/bin/../lib/gcc/arm-none-eabi/12.3.1/../../../../arm-none-eabi/lib/thumb/v7e-m+fp/hard\libc_nano.a(libc_a-memcpy-stub.o)
                0x08008cb8                memcpy
 .text.acos     0x08008cd4       0x68 C:/ST/STM32CubeIDE_1.15.0/STM32CubeIDE/plugins/com.st.stm32cube.ide.mcu.externaltools.gnu-tools-for-stm32.12.3.rel1.win32_1.0.100.202403111256/tools/bin/../lib/gcc/arm-none-eabi/12.3.1/../../../../arm-none-eabi/lib/thumb/v7e-m+fp/hard\libm.a(libm_a-w_acos.o)
                0x08008cd4                acos
 *fill*         0x08008d3c        0x4 
 .text.exp      0x08008d40       0x90 C:/ST/STM32CubeIDE_1.15.0/STM32CubeIDE/plugins/com.st.stm32cube.ide.mcu.externaltools.gnu-tools-for-stm32.12.3.rel1.win32_1.0.100.202403111256/tools/bin/../lib/gcc/arm-none-eabi/12.3.1/../../../../arm-none-eabi/lib/thumb/v7e-m+fp/hard\libm.a(libm_a-w_exp.o)
                0x08008d40                exp
 .text.fabs     0x08008dd0       0x10 C:/ST/STM32CubeIDE_1.15.0/STM32CubeIDE/plugins/com.st.stm32cube.ide.mcu.externaltools.gnu-tools-for-stm32.12.3.rel1.win32_1.0.100.202403111256/tools/bin/../lib/gcc/arm-none-eabi/12.3.1/../../../../arm-none-eabi/lib/thumb/v7e-m+fp/hard\libm.a(libm_a-s_fabs.o)
                0x08008dd0                fabs
 .text.sin      0x08008de0       0xa8 C:/ST/STM32CubeIDE_1.15.0/STM32CubeIDE/plugins/com.st.stm32cube.ide.mcu.externaltools.gnu-tools-for-stm32.12.3.rel1.win32_1.0.100.202403111256/tools/bin/../lib/gcc/arm-none-eabi/12.3.1/../../../../arm-none-eabi/lib/thumb/v7e-m+fp/hard\libm.a(libm_a-s_sin.o)
                0x08008de0                sin
 .text.finite   0x08008e88       0x16 C:/ST/STM32CubeIDE_1.15.0/STM32CubeIDE/plugins/com.st.stm32cube.ide.mcu.externaltools.gnu-tools-for-stm32.12.3.rel1.win32_1.0.100.202403111256/tools/bin/../lib/gcc/arm-none-eabi/12.3.1/../../../../arm-none-eabi/lib/thumb/v7e-m+fp/hard\libm.a(libm_a-s_finite.o)
                0x08008e88                finite
 *fill*         0x08008e9e        0x2 
 .text.nan      0x08008ea0       0x10 C:/ST/STM32CubeIDE_1.15.0/STM32CubeIDE/plugins/com.st.stm32cube.ide.mcu.externaltools.gnu-tools-for-stm32.12.3.rel1.win32_1.0.100.202403111256/tools/bin/../lib/gcc/arm-none-eabi/12.3.1/../../../../arm-none-eabi/lib/thumb/v7e-m+fp/hard\libm.a(libm_a-s_nan.o)
                0x08008ea0                nan
 .text.__kernel_cos
                0x08008eb0      0x18c C:/ST/STM32CubeIDE_1.15.0/STM32CubeIDE/plugins/com.st.stm32cube.ide.mcu.externaltools.gnu-tools-for-stm32.12.3.rel1.win32_1.0.100.202403111256/tools/bin/../lib/gcc/arm-none-eabi/12.3.1/../../../../arm-none-eabi/lib/thumb/v7e-m+fp/hard\libm.a(libm_a-k_cos.o)
                0x08008eb0                __kernel_cos
 *fill*         0x0800903c        0x4 
 .text.__kernel_sin
                0x08009040      0x174 C:/ST/STM32CubeIDE_1.15.0/STM32CubeIDE/plugins/com.st.stm32cube.ide.mcu.externaltools.gnu-tools-for-stm32.12.3.rel1.win32_1.0.100.202403111256/tools/bin/../lib/gcc/arm-none-eabi/12.3.1/../../../../arm-none-eabi/lib/thumb/v7e-m+fp/hard\libm.a(libm_a-k_sin.o)
                0x08009040                __kernel_sin
 *fill*         0x080091b4        0x4 
 .text.__ieee754_acos
                0x080091b8      0x4b8 C:/ST/STM32CubeIDE_1.15.0/STM32CubeIDE/plugins/com.st.stm32cube.ide.mcu.externaltools.gnu-tools-for-stm32.12.3.rel1.win32_1.0.100.202403111256/tools/bin/../lib/gcc/arm-none-eabi/12.3.1/../../../../arm-none-eabi/lib/thumb/v7e-m+fp/hard\libm.a(libm_a-e_acos.o)
                0x080091b8                __ieee754_acos
 .text.__ieee754_exp
                0x08009670      0x2f4 C:/ST/STM32CubeIDE_1.15.0/STM32CubeIDE/plugins/com.st.stm32cube.ide.mcu.externaltools.gnu-tools-for-stm32.12.3.rel1.win32_1.0.100.202403111256/tools/bin/../lib/gcc/arm-none-eabi/12.3.1/../../../../arm-none-eabi/lib/thumb/v7e-m+fp/hard\libm.a(libm_a-e_exp.o)
                0x08009670                __ieee754_exp
 *fill*         0x08009964        0x4 
 .text.__ieee754_rem_pio2
                0x08009968      0x3f8 C:/ST/STM32CubeIDE_1.15.0/STM32CubeIDE/plugins/com.st.stm32cube.ide.mcu.externaltools.gnu-tools-for-stm32.12.3.rel1.win32_1.0.100.202403111256/tools/bin/../lib/gcc/arm-none-eabi/12.3.1/../../../../arm-none-eabi/lib/thumb/v7e-m+fp/hard\libm.a(libm_a-e_rem_pio2.o)
                0x08009968                __ieee754_rem_pio2
 .text.with_errno
                0x08009d60       0x24 C:/ST/STM32CubeIDE_1.15.0/STM32CubeIDE/plugins/com.st.stm32cube.ide.mcu.externaltools.gnu-tools-for-stm32.12.3.rel1.win32_1.0.100.202403111256/tools/bin/../lib/gcc/arm-none-eabi/12.3.1/../../../../arm-none-eabi/lib/thumb/v7e-m+fp/hard\libm.a(libm_a-math_err.o)
 .text.xflow    0x08009d84       0x32 C:/ST/STM32CubeIDE_1.15.0/STM32CubeIDE/plugins/com.st.stm32cube.ide.mcu.externaltools.gnu-tools-for-stm32.12.3.rel1.win32_1.0.100.202403111256/tools/bin/../lib/gcc/arm-none-eabi/12.3.1/../../../../arm-none-eabi/lib/thumb/v7e-m+fp/hard\libm.a(libm_a-math_err.o)
 *fill*         0x08009db6        0x2 
 .text.__math_uflow
                0x08009db8       0x10 C:/ST/STM32CubeIDE_1.15.0/STM32CubeIDE/plugins/com.st.stm32cube.ide.mcu.externaltools.gnu-tools-for-stm32.12.3.rel1.win32_1.0.100.202403111256/tools/bin/../lib/gcc/arm-none-eabi/12.3.1/../../../../arm-none-eabi/lib/thumb/v7e-m+fp/hard\libm.a(libm_a-math_err.o)
                0x08009db8                __math_uflow
 .text.__math_oflow
                0x08009dc8       0x10 C:/ST/STM32CubeIDE_1.15.0/STM32CubeIDE/plugins/com.st.stm32cube.ide.mcu.externaltools.gnu-tools-for-stm32.12.3.rel1.win32_1.0.100.202403111256/tools/bin/../lib/gcc/arm-none-eabi/12.3.1/../../../../arm-none-eabi/lib/thumb/v7e-m+fp/hard\libm.a(libm_a-math_err.o)
                0x08009dc8                __math_oflow
 .text.__ieee754_sqrt
                0x08009dd8      0x1b4 C:/ST/STM32CubeIDE_1.15.0/STM32CubeIDE/plugins/com.st.stm32cube.ide.mcu.externaltools.gnu-tools-for-stm32.12.3.rel1.win32_1.0.100.202403111256/tools/bin/../lib/gcc/arm-none-eabi/12.3.1/../../../../arm-none-eabi/lib/thumb/v7e-m+fp/hard\libm.a(libm_a-e_sqrt.o)
                0x08009dd8                __ieee754_sqrt
 *fill*         0x08009f8c        0x4 
 .text.__kernel_rem_pio2
                0x08009f90      0x6b0 C:/ST/STM32CubeIDE_1.15.0/STM32CubeIDE/plugins/com.st.stm32cube.ide.mcu.externaltools.gnu-tools-for-stm32.12.3.rel1.win32_1.0.100.202403111256/tools/bin/../lib/gcc/arm-none-eabi/12.3.1/../../../../arm-none-eabi/lib/thumb/v7e-m+fp/hard\libm.a(libm_a-k_rem_pio2.o)
                0x08009f90                __kernel_rem_pio2
 .text.scalbn   0x0800a640       0xfc C:/ST/STM32CubeIDE_1.15.0/STM32CubeIDE/plugins/com.st.stm32cube.ide.mcu.externaltools.gnu-tools-for-stm32.12.3.rel1.win32_1.0.100.202403111256/tools/bin/../lib/gcc/arm-none-eabi/12.3.1/../../../../arm-none-eabi/lib/thumb/v7e-m+fp/hard\libm.a(libm_a-s_scalbn.o)
                0x0800a640                scalbn
 *fill*         0x0800a73c        0x4 
 .text.floor    0x0800a740       0xf8 C:/ST/STM32CubeIDE_1.15.0/STM32CubeIDE/plugins/com.st.stm32cube.ide.mcu.externaltools.gnu-tools-for-stm32.12.3.rel1.win32_1.0.100.202403111256/tools/bin/../lib/gcc/arm-none-eabi/12.3.1/../../../../arm-none-eabi/lib/thumb/v7e-m+fp/hard\libm.a(libm_a-s_floor.o)
                0x0800a740                floor
 *(.glue_7)
 .glue_7        0x0800a838        0x0 linker stubs
 *(.glue_7t)
 .glue_7t       0x0800a838        0x0 linker stubs
 *(.eh_frame)
 .eh_frame      0x0800a838        0x0 C:/ST/STM32CubeIDE_1.15.0/STM32CubeIDE/plugins/com.st.stm32cube.ide.mcu.externaltools.gnu-tools-for-stm32.12.3.rel1.win32_1.0.100.202403111256/tools/bin/../lib/gcc/arm-none-eabi/12.3.1/thumb/v7e-m+fp/hard/crtbegin.o
 *(.init)
 .init          0x0800a838        0x4 C:/ST/STM32CubeIDE_1.15.0/STM32CubeIDE/plugins/com.st.stm32cube.ide.mcu.externaltools.gnu-tools-for-stm32.12.3.rel1.win32_1.0.100.202403111256/tools/bin/../lib/gcc/arm-none-eabi/12.3.1/thumb/v7e-m+fp/hard/crti.o
                0x0800a838                _init
 .init          0x0800a83c        0x8 C:/ST/STM32CubeIDE_1.15.0/STM32CubeIDE/plugins/com.st.stm32cube.ide.mcu.externaltools.gnu-tools-for-stm32.12.3.rel1.win32_1.0.100.202403111256/tools/bin/../lib/gcc/arm-none-eabi/12.3.1/thumb/v7e-m+fp/hard/crtn.o
 *(.fini)
 .fini          0x0800a844        0x4 C:/ST/STM32CubeIDE_1.15.0/STM32CubeIDE/plugins/com.st.stm32cube.ide.mcu.externaltools.gnu-tools-for-stm32.12.3.rel1.win32_1.0.100.202403111256/tools/bin/../lib/gcc/arm-none-eabi/12.3.1/thumb/v7e-m+fp/hard/crti.o
                0x0800a844                _fini
 .fini          0x0800a848        0x8 C:/ST/STM32CubeIDE_1.15.0/STM32CubeIDE/plugins/com.st.stm32cube.ide.mcu.externaltools.gnu-tools-for-stm32.12.3.rel1.win32_1.0.100.202403111256/tools/bin/../lib/gcc/arm-none-eabi/12.3.1/thumb/v7e-m+fp/hard/crtn.o
                0x0800a850                        . = ALIGN (0x4)
                0x0800a850                        _etext = .

.vfp11_veneer   0x0800a850        0x0
 .vfp11_veneer  0x0800a850        0x0 linker stubs

.v4_bx          0x0800a850        0x0
 .v4_bx         0x0800a850        0x0 linker stubs

.iplt           0x0800a850        0x0
 .iplt          0x0800a850        0x0 C:/ST/STM32CubeIDE_1.15.0/STM32CubeIDE/plugins/com.st.stm32cube.ide.mcu.externaltools.gnu-tools-for-stm32.12.3.rel1.win32_1.0.100.202403111256/tools/bin/../lib/gcc/arm-none-eabi/12.3.1/thumb/v7e-m+fp/hard/crtbegin.o

.rodata         0x0800a850      0x228
                0x0800a850                        . = ALIGN (0x4)
 *(.rodata)
 *(.rodata*)
 .rodata.AHBPrescTable
                0x0800a850       0x10 ./Core/Src/system_stm32f4xx.o
                0x0800a850                AHBPrescTable
 .rodata.APBPrescTable
                0x0800a860        0x8 ./Core/Src/system_stm32f4xx.o
                0x0800a860                APBPrescTable
 .rodata.acos.str1.1
                0x0800a868        0x1 C:/ST/STM32CubeIDE_1.15.0/STM32CubeIDE/plugins/com.st.stm32cube.ide.mcu.externaltools.gnu-tools-for-stm32.12.3.rel1.win32_1.0.100.202403111256/tools/bin/../lib/gcc/arm-none-eabi/12.3.1/../../../../arm-none-eabi/lib/thumb/v7e-m+fp/hard\libm.a(libm_a-w_acos.o)
 *fill*         0x0800a869        0x7 
 .rodata.ln2LO  0x0800a870       0x10 C:/ST/STM32CubeIDE_1.15.0/STM32CubeIDE/plugins/com.st.stm32cube.ide.mcu.externaltools.gnu-tools-for-stm32.12.3.rel1.win32_1.0.100.202403111256/tools/bin/../lib/gcc/arm-none-eabi/12.3.1/../../../../arm-none-eabi/lib/thumb/v7e-m+fp/hard\libm.a(libm_a-e_exp.o)
 .rodata.ln2HI  0x0800a880       0x10 C:/ST/STM32CubeIDE_1.15.0/STM32CubeIDE/plugins/com.st.stm32cube.ide.mcu.externaltools.gnu-tools-for-stm32.12.3.rel1.win32_1.0.100.202403111256/tools/bin/../lib/gcc/arm-none-eabi/12.3.1/../../../../arm-none-eabi/lib/thumb/v7e-m+fp/hard\libm.a(libm_a-e_exp.o)
 .rodata.halF   0x0800a890       0x10 C:/ST/STM32CubeIDE_1.15.0/STM32CubeIDE/plugins/com.st.stm32cube.ide.mcu.externaltools.gnu-tools-for-stm32.12.3.rel1.win32_1.0.100.202403111256/tools/bin/../lib/gcc/arm-none-eabi/12.3.1/../../../../arm-none-eabi/lib/thumb/v7e-m+fp/hard\libm.a(libm_a-e_exp.o)
 .rodata.npio2_hw
                0x0800a8a0       0x80 C:/ST/STM32CubeIDE_1.15.0/STM32CubeIDE/plugins/com.st.stm32cube.ide.mcu.externaltools.gnu-tools-for-stm32.12.3.rel1.win32_1.0.100.202403111256/tools/bin/../lib/gcc/arm-none-eabi/12.3.1/../../../../arm-none-eabi/lib/thumb/v7e-m+fp/hard\libm.a(libm_a-e_rem_pio2.o)
 .rodata.two_over_pi
                0x0800a920      0x108 C:/ST/STM32CubeIDE_1.15.0/STM32CubeIDE/plugins/com.st.stm32cube.ide.mcu.externaltools.gnu-tools-for-stm32.12.3.rel1.win32_1.0.100.202403111256/tools/bin/../lib/gcc/arm-none-eabi/12.3.1/../../../../arm-none-eabi/lib/thumb/v7e-m+fp/hard\libm.a(libm_a-e_rem_pio2.o)
 .rodata.PIo2   0x0800aa28       0x40 C:/ST/STM32CubeIDE_1.15.0/STM32CubeIDE/plugins/com.st.stm32cube.ide.mcu.externaltools.gnu-tools-for-stm32.12.3.rel1.win32_1.0.100.202403111256/tools/bin/../lib/gcc/arm-none-eabi/12.3.1/../../../../arm-none-eabi/lib/thumb/v7e-m+fp/hard\libm.a(libm_a-k_rem_pio2.o)
 .rodata.init_jk
                0x0800aa68       0x10 C:/ST/STM32CubeIDE_1.15.0/STM32CubeIDE/plugins/com.st.stm32cube.ide.mcu.externaltools.gnu-tools-for-stm32.12.3.rel1.win32_1.0.100.202403111256/tools/bin/../lib/gcc/arm-none-eabi/12.3.1/../../../../arm-none-eabi/lib/thumb/v7e-m+fp/hard\libm.a(libm_a-k_rem_pio2.o)
                0x0800aa78                        . = ALIGN (0x4)

.ARM.extab      0x0800aa78        0x0
                0x0800aa78                        . = ALIGN (0x4)
 *(.ARM.extab* .gnu.linkonce.armextab.*)
                0x0800aa78                        . = ALIGN (0x4)

.ARM            0x0800aa78        0x8
                0x0800aa78                        . = ALIGN (0x4)
                0x0800aa78                        __exidx_start = .
 *(.ARM.exidx*)
 .ARM.exidx     0x0800aa78        0x8 C:/ST/STM32CubeIDE_1.15.0/STM32CubeIDE/plugins/com.st.stm32cube.ide.mcu.externaltools.gnu-tools-for-stm32.12.3.rel1.win32_1.0.100.202403111256/tools/bin/../lib/gcc/arm-none-eabi/12.3.1/thumb/v7e-m+fp/hard\libgcc.a(_udivmoddi4.o)
                0x0800aa80                        __exidx_end = .
                0x0800aa80                        . = ALIGN (0x4)

.preinit_array  0x0800aa80        0x0
                0x0800aa80                        . = ALIGN (0x4)
                0x0800aa80                        PROVIDE (__preinit_array_start = .)
 *(.preinit_array*)
                0x0800aa80                        PROVIDE (__preinit_array_end = .)
                0x0800aa80                        . = ALIGN (0x4)

.init_array     0x0800aa80        0x4
                0x0800aa80                        . = ALIGN (0x4)
                0x0800aa80                        PROVIDE (__init_array_start = .)
 *(SORT_BY_NAME(.init_array.*))
 *(.init_array*)
 .init_array    0x0800aa80        0x4 C:/ST/STM32CubeIDE_1.15.0/STM32CubeIDE/plugins/com.st.stm32cube.ide.mcu.externaltools.gnu-tools-for-stm32.12.3.rel1.win32_1.0.100.202403111256/tools/bin/../lib/gcc/arm-none-eabi/12.3.1/thumb/v7e-m+fp/hard/crtbegin.o
                0x0800aa84                        PROVIDE (__init_array_end = .)
                0x0800aa84                        . = ALIGN (0x4)

.fini_array     0x0800aa84        0x4
                0x0800aa84                        . = ALIGN (0x4)
                [!provide]                        PROVIDE (__fini_array_start = .)
 *(SORT_BY_NAME(.fini_array.*))
 *(.fini_array*)
 .fini_array    0x0800aa84        0x4 C:/ST/STM32CubeIDE_1.15.0/STM32CubeIDE/plugins/com.st.stm32cube.ide.mcu.externaltools.gnu-tools-for-stm32.12.3.rel1.win32_1.0.100.202403111256/tools/bin/../lib/gcc/arm-none-eabi/12.3.1/thumb/v7e-m+fp/hard/crtbegin.o
                [!provide]                        PROVIDE (__fini_array_end = .)
                0x0800aa88                        . = ALIGN (0x4)
                0x0800aa88                        _sidata = LOADADDR (.data)

.rel.dyn        0x0800aa88        0x0
 .rel.iplt      0x0800aa88        0x0 C:/ST/STM32CubeIDE_1.15.0/STM32CubeIDE/plugins/com.st.stm32cube.ide.mcu.externaltools.gnu-tools-for-stm32.12.3.rel1.win32_1.0.100.202403111256/tools/bin/../lib/gcc/arm-none-eabi/12.3.1/thumb/v7e-m+fp/hard/crtbegin.o

.data           0x20000000       0x98 load address 0x0800aa88
                0x20000000                        . = ALIGN (0x4)
                0x20000000                        _sdata = .
 *(.data)
 *(.data*)
 .data.F_spinner
                0x20000000        0x4 ./Core/Src/main.o
                0x20000000                F_spinner
 .data.Kp_angle
                0x20000004        0x4 ./Core/Src/main.o
                0x20000004                Kp_angle
 .data.Kp_omega
                0x20000008        0x4 ./Core/Src/main.o
                0x20000008                Kp_omega
 .data.Ls       0x2000000c        0x4 ./Core/Src/main.o
                0x2000000c                Ls
 .data.Ixx      0x20000010        0x4 ./Core/Src/main.o
                0x20000010                Ixx
 .data.W        0x20000014        0x4 ./Core/Src/main.o
                0x20000014                W
 .data.GM       0x20000018        0x4 ./Core/Src/main.o
                0x20000018                GM
 .data.K_omega_G
                0x2000001c        0x4 ./Core/Src/main.o
                0x2000001c                K_omega_G
 .data.K_aRg    0x20000020        0x4 ./Core/Src/main.o
                0x20000020                K_aRg
 .data.CutOffFrequency
                0x20000024        0x4 ./Core/Src/main.o
                0x20000024                CutOffFrequency
 .data.beta     0x20000028        0x4 ./Core/Src/main.o
                0x20000028                beta
 .data.SystemCoreClock
                0x2000002c        0x4 ./Core/Src/system_stm32f4xx.o
                0x2000002c                SystemCoreClock
 .data.uwTickPrio
                0x20000030        0x4 ./Drivers/STM32F4xx_HAL_Driver/Src/stm32f4xx_hal.o
                0x20000030                uwTickPrio
 .data.uwTickFreq
                0x20000034        0x1 ./Drivers/STM32F4xx_HAL_Driver/Src/stm32f4xx_hal.o
                0x20000034                uwTickFreq
 *fill*         0x20000035        0x3 
 .data._impure_ptr
                0x20000038        0x4 C:/ST/STM32CubeIDE_1.15.0/STM32CubeIDE/plugins/com.st.stm32cube.ide.mcu.externaltools.gnu-tools-for-stm32.12.3.rel1.win32_1.0.100.202403111256/tools/bin/../lib/gcc/arm-none-eabi/12.3.1/../../../../arm-none-eabi/lib/thumb/v7e-m+fp/hard\libc_nano.a(libc_a-impure.o)
                0x20000038                _impure_ptr
 .data._impure_data
                0x2000003c       0x4c C:/ST/STM32CubeIDE_1.15.0/STM32CubeIDE/plugins/com.st.stm32cube.ide.mcu.externaltools.gnu-tools-for-stm32.12.3.rel1.win32_1.0.100.202403111256/tools/bin/../lib/gcc/arm-none-eabi/12.3.1/../../../../arm-none-eabi/lib/thumb/v7e-m+fp/hard\libc_nano.a(libc_a-impure.o)
                0x2000003c                _impure_data
 .data.tiny     0x20000088        0x8 C:/ST/STM32CubeIDE_1.15.0/STM32CubeIDE/plugins/com.st.stm32cube.ide.mcu.externaltools.gnu-tools-for-stm32.12.3.rel1.win32_1.0.100.202403111256/tools/bin/../lib/gcc/arm-none-eabi/12.3.1/../../../../arm-none-eabi/lib/thumb/v7e-m+fp/hard\libm.a(libm_a-e_sqrt.o)
 .data.one      0x20000090        0x8 C:/ST/STM32CubeIDE_1.15.0/STM32CubeIDE/plugins/com.st.stm32cube.ide.mcu.externaltools.gnu-tools-for-stm32.12.3.rel1.win32_1.0.100.202403111256/tools/bin/../lib/gcc/arm-none-eabi/12.3.1/../../../../arm-none-eabi/lib/thumb/v7e-m+fp/hard\libm.a(libm_a-e_sqrt.o)
 *(.RamFunc)
 *(.RamFunc*)
                0x20000098                        . = ALIGN (0x4)
                0x20000098                        _edata = .
                0x0800ab20                        _siccmram = LOADADDR (.ccmram)

.igot.plt       0x20000098        0x0 load address 0x0800ab20
 .igot.plt      0x20000098        0x0 C:/ST/STM32CubeIDE_1.15.0/STM32CubeIDE/plugins/com.st.stm32cube.ide.mcu.externaltools.gnu-tools-for-stm32.12.3.rel1.win32_1.0.100.202403111256/tools/bin/../lib/gcc/arm-none-eabi/12.3.1/thumb/v7e-m+fp/hard/crtbegin.o

.ccmram         0x10000000        0x0 load address 0x0800ab20
                0x10000000                        . = ALIGN (0x4)
                0x10000000                        _sccmram = .
 *(.ccmram)
 *(.ccmram*)
                0x10000000                        . = ALIGN (0x4)
                0x10000000                        _eccmram = .
                0x10000000                        . = ALIGN (0x4)

.bss            0x20000098      0x574
                0x20000098                        _sbss = .
                0x20000098                        __bss_start__ = _sbss
 *(.bss)
 .bss           0x20000098       0x1c C:/ST/STM32CubeIDE_1.15.0/STM32CubeIDE/plugins/com.st.stm32cube.ide.mcu.externaltools.gnu-tools-for-stm32.12.3.rel1.win32_1.0.100.202403111256/tools/bin/../lib/gcc/arm-none-eabi/12.3.1/thumb/v7e-m+fp/hard/crtbegin.o
 *(.bss*)
 .bss.hi2c2     0x200000b4       0x54 ./Core/Src/i2c.o
                0x200000b4                hi2c2
 .bss.sensor    0x20000108       0xac ./Core/Src/main.o
                0x20000108                sensor
 .bss.err       0x200001b4        0x1 ./Core/Src/main.o
                0x200001b4                err
 *fill*         0x200001b5        0x3 
 .bss.eul_raw   0x200001b8        0xc ./Core/Src/main.o
                0x200001b8                eul_raw
 .bss.eul_caculate
                0x200001c4        0xc ./Core/Src/main.o
                0x200001c4                eul_caculate
 .bss.eul_data_offset
                0x200001d0        0xc ./Core/Src/main.o
                0x200001d0                eul_data_offset
 .bss.acc_raw   0x200001dc        0xc ./Core/Src/main.o
                0x200001dc                acc_raw
 .bss.acc_caculate
                0x200001e8        0xc ./Core/Src/main.o
                0x200001e8                acc_caculate
 .bss.acc_data_offset
                0x200001f4        0xc ./Core/Src/main.o
                0x200001f4                acc_data_offset
 .bss.gyr_raw   0x20000200        0xc ./Core/Src/main.o
                0x20000200                gyr_raw
 .bss.gyr_caculate
                0x2000020c        0xc ./Core/Src/main.o
                0x2000020c                gyr_caculate
 .bss.gyr_data_offset
                0x20000218        0xc ./Core/Src/main.o
                0x20000218                gyr_data_offset
 .bss.acc_x_filter
                0x20000224        0x4 ./Core/Src/main.o
                0x20000224                acc_x_filter
 .bss.gyr_y_deg
                0x20000228        0x4 ./Core/Src/main.o
                0x20000228                gyr_y_deg
 .bss.gyr_y_filter
                0x2000022c        0x4 ./Core/Src/main.o
                0x2000022c                gyr_y_filter
 .bss.eul_roll_filter
                0x20000230        0x4 ./Core/Src/main.o
                0x20000230                eul_roll_filter
 .bss.eul_pitch_filter
                0x20000234        0x4 ./Core/Src/main.o
                0x20000234                eul_pitch_filter
 .bss.eul_roll_deg
                0x20000238        0x4 ./Core/Src/main.o
                0x20000238                eul_roll_deg
 .bss.eul_pitch_deg
                0x2000023c        0x4 ./Core/Src/main.o
                0x2000023c                eul_pitch_deg
 .bss.Wave_BNO  0x20000240        0x4 ./Core/Src/main.o
                0x20000240                Wave_BNO
 .bss.dt        0x20000244        0x4 ./Core/Src/main.o
                0x20000244                dt
 .bss.Wave_pulse_omega
                0x20000248        0x8 ./Core/Src/main.o
                0x20000248                Wave_pulse_omega
 .bss.Wave_pulse_angle
                0x20000250        0x8 ./Core/Src/main.o
                0x20000250                Wave_pulse_angle
 .bss.pulse_omega
                0x20000258        0x8 ./Core/Src/main.o
                0x20000258                pulse_omega
 .bss.err_pulse_omega
                0x20000260        0x8 ./Core/Src/main.o
                0x20000260                err_pulse_omega
 .bss.pulse_angle
                0x20000268        0x8 ./Core/Src/main.o
                0x20000268                pulse_angle
 .bss.err_pulse_angle
                0x20000270        0x8 ./Core/Src/main.o
                0x20000270                err_pulse_angle
 .bss.encoder_omega
                0x20000278        0x2 ./Core/Src/main.o
                0x20000278                encoder_omega
 .bss.encoder_pre_omega
                0x2000027a        0x2 ./Core/Src/main.o
                0x2000027a                encoder_pre_omega
 .bss.encoder_angle
                0x2000027c        0x2 ./Core/Src/main.o
                0x2000027c                encoder_angle
 .bss.encoder_pre_angle
                0x2000027e        0x2 ./Core/Src/main.o
                0x2000027e                encoder_pre_angle
 .bss.omega_raw
                0x20000280        0x4 ./Core/Src/main.o
                0x20000280                omega_raw
 .bss.omega_filter
                0x20000284        0x4 ./Core/Src/main.o
                0x20000284                omega_filter
 .bss.angle     0x20000288        0x4 ./Core/Src/main.o
                0x20000288                angle
 .bss.angle_pendulum
                0x2000028c        0x4 ./Core/Src/main.o
                0x2000028c                angle_pendulum
 .bss.Output_PID_omega
                0x20000290        0x4 ./Core/Src/main.o
                0x20000290                Output_PID_omega
 .bss.Output_PID_angle
                0x20000294        0x4 ./Core/Src/main.o
                0x20000294                Output_PID_angle
 .bss.Output_keep
                0x20000298        0x4 ./Core/Src/main.o
                0x20000298                Output_keep
 .bss.Output_PID
                0x2000029c        0x4 ./Core/Src/main.o
                0x2000029c                Output_PID
 .bss.SP_omega  0x200002a0        0x4 ./Core/Src/main.o
                0x200002a0                SP_omega
 .bss.SP_angle  0x200002a4        0x4 ./Core/Src/main.o
                0x200002a4                SP_angle
 .bss.E_angle   0x200002a8        0x4 ./Core/Src/main.o
                0x200002a8                E_angle
 .bss.E_omega   0x200002ac        0x4 ./Core/Src/main.o
                0x200002ac                E_omega
 .bss.a_wave    0x200002b0        0x4 ./Core/Src/main.o
                0x200002b0                a_wave
 .bss.a_Rg      0x200002b4        0x4 ./Core/Src/main.o
                0x200002b4                a_Rg
 .bss.K1        0x200002b8        0x4 ./Core/Src/main.o
                0x200002b8                K1
 .bss.dtL       0x200002bc        0x4 ./Core/Src/main.o
                0x200002bc                dtL
 .bss.omega_G   0x200002c0        0x4 ./Core/Src/main.o
                0x200002c0                omega_G
 .bss.omega_G_Degrees
                0x200002c4        0x4 ./Core/Src/main.o
                0x200002c4                omega_G_Degrees
 .bss.Fcut      0x200002c8        0x4 ./Core/Src/main.o
                0x200002c8                Fcut
 .bss.tx_data   0x200002cc       0x20 ./Core/Src/main.o
                0x200002cc                tx_data
 .bss.data_out  0x200002ec       0x24 ./Core/Src/main.o
                0x200002ec                data_out
 .bss.hspi1     0x20000310       0x58 ./Core/Src/spi.o
                0x20000310                hspi1
 .bss.htim2     0x20000368       0x48 ./Core/Src/tim.o
                0x20000368                htim2
 .bss.htim3     0x200003b0       0x48 ./Core/Src/tim.o
                0x200003b0                htim3
 .bss.htim4     0x200003f8       0x48 ./Core/Src/tim.o
                0x200003f8                htim4
 .bss.htim5     0x20000440       0x48 ./Core/Src/tim.o
                0x20000440                htim5
 .bss.htim8     0x20000488       0x48 ./Core/Src/tim.o
                0x20000488                htim8
 .bss.uwTick    0x200004d0        0x4 ./Drivers/STM32F4xx_HAL_Driver/Src/stm32f4xx_hal.o
                0x200004d0                uwTick
 .bss.__sf      0x200004d4      0x138 C:/ST/STM32CubeIDE_1.15.0/STM32CubeIDE/plugins/com.st.stm32cube.ide.mcu.externaltools.gnu-tools-for-stm32.12.3.rel1.win32_1.0.100.202403111256/tools/bin/../lib/gcc/arm-none-eabi/12.3.1/../../../../arm-none-eabi/lib/thumb/v7e-m+fp/hard\libc_nano.a(libc_a-findfp.o)
                0x200004d4                __sf
 *(COMMON)
                0x2000060c                        . = ALIGN (0x4)
                0x2000060c                        _ebss = .
                0x2000060c                        __bss_end__ = _ebss

._user_heap_stack
                0x2000060c      0x604
                0x20000610                        . = ALIGN (0x8)
 *fill*         0x2000060c        0x4 
                [!provide]                        PROVIDE (end = .)
                0x20000610                        PROVIDE (_end = .)
                0x20000810                        . = (. + _Min_Heap_Size)
 *fill*         0x20000610      0x200 
                0x20000c10                        . = (. + _Min_Stack_Size)
 *fill*         0x20000810      0x400 
                0x20000c10                        . = ALIGN (0x8)

/DISCARD/
 libc.a(*)
 libm.a(*)
 libgcc.a(*)

.ARM.attributes
                0x00000000       0x30
 *(.ARM.attributes)
 .ARM.attributes
                0x00000000       0x22 C:/ST/STM32CubeIDE_1.15.0/STM32CubeIDE/plugins/com.st.stm32cube.ide.mcu.externaltools.gnu-tools-for-stm32.12.3.rel1.win32_1.0.100.202403111256/tools/bin/../lib/gcc/arm-none-eabi/12.3.1/thumb/v7e-m+fp/hard/crti.o
 .ARM.attributes
                0x00000022       0x34 C:/ST/STM32CubeIDE_1.15.0/STM32CubeIDE/plugins/com.st.stm32cube.ide.mcu.externaltools.gnu-tools-for-stm32.12.3.rel1.win32_1.0.100.202403111256/tools/bin/../lib/gcc/arm-none-eabi/12.3.1/thumb/v7e-m+fp/hard/crtbegin.o
 .ARM.attributes
                0x00000056       0x34 ./Core/Src/gpio.o
 .ARM.attributes
                0x0000008a       0x34 ./Core/Src/i2c.o
 .ARM.attributes
                0x000000be       0x34 ./Core/Src/main.o
 .ARM.attributes
                0x000000f2       0x34 ./Core/Src/spi.o
 .ARM.attributes
                0x00000126       0x34 ./Core/Src/stm32f4xx_hal_msp.o
 .ARM.attributes
                0x0000015a       0x34 ./Core/Src/stm32f4xx_it.o
 .ARM.attributes
                0x0000018e       0x34 ./Core/Src/system_stm32f4xx.o
 .ARM.attributes
                0x000001c2       0x34 ./Core/Src/tim.o
 .ARM.attributes
                0x000001f6       0x21 ./Core/Startup/startup_stm32f407vgtx.o
 .ARM.attributes
                0x00000217       0x34 ./Core/lib/bno055.o
 .ARM.attributes
                0x0000024b       0x34 ./Core/lib/config_data.o
 .ARM.attributes
                0x0000027f       0x34 ./Core/lib/esc.o
 .ARM.attributes
                0x000002b3       0x34 ./Core/lib/nrf24l01p.o
 .ARM.attributes
                0x000002e7       0x34 ./Drivers/STM32F4xx_HAL_Driver/Src/stm32f4xx_hal.o
 .ARM.attributes
                0x0000031b       0x34 ./Drivers/STM32F4xx_HAL_Driver/Src/stm32f4xx_hal_cortex.o
 .ARM.attributes
                0x0000034f       0x34 ./Drivers/STM32F4xx_HAL_Driver/Src/stm32f4xx_hal_gpio.o
 .ARM.attributes
                0x00000383       0x34 ./Drivers/STM32F4xx_HAL_Driver/Src/stm32f4xx_hal_i2c.o
 .ARM.attributes
                0x000003b7       0x34 ./Drivers/STM32F4xx_HAL_Driver/Src/stm32f4xx_hal_rcc.o
 .ARM.attributes
                0x000003eb       0x34 ./Drivers/STM32F4xx_HAL_Driver/Src/stm32f4xx_hal_spi.o
 .ARM.attributes
                0x0000041f       0x34 ./Drivers/STM32F4xx_HAL_Driver/Src/stm32f4xx_hal_tim.o
 .ARM.attributes
                0x00000453       0x34 ./Drivers/STM32F4xx_HAL_Driver/Src/stm32f4xx_hal_tim_ex.o
 .ARM.attributes
                0x00000487       0x34 C:/ST/STM32CubeIDE_1.15.0/STM32CubeIDE/plugins/com.st.stm32cube.ide.mcu.externaltools.gnu-tools-for-stm32.12.3.rel1.win32_1.0.100.202403111256/tools/bin/../lib/gcc/arm-none-eabi/12.3.1/../../../../arm-none-eabi/lib/thumb/v7e-m+fp/hard\libc_nano.a(libc_a-findfp.o)
 .ARM.attributes
                0x000004bb       0x34 C:/ST/STM32CubeIDE_1.15.0/STM32CubeIDE/plugins/com.st.stm32cube.ide.mcu.externaltools.gnu-tools-for-stm32.12.3.rel1.win32_1.0.100.202403111256/tools/bin/../lib/gcc/arm-none-eabi/12.3.1/../../../../arm-none-eabi/lib/thumb/v7e-m+fp/hard\libc_nano.a(libc_a-memset.o)
 .ARM.attributes
                0x000004ef       0x34 C:/ST/STM32CubeIDE_1.15.0/STM32CubeIDE/plugins/com.st.stm32cube.ide.mcu.externaltools.gnu-tools-for-stm32.12.3.rel1.win32_1.0.100.202403111256/tools/bin/../lib/gcc/arm-none-eabi/12.3.1/../../../../arm-none-eabi/lib/thumb/v7e-m+fp/hard\libc_nano.a(libc_a-impure.o)
 .ARM.attributes
                0x00000523       0x34 C:/ST/STM32CubeIDE_1.15.0/STM32CubeIDE/plugins/com.st.stm32cube.ide.mcu.externaltools.gnu-tools-for-stm32.12.3.rel1.win32_1.0.100.202403111256/tools/bin/../lib/gcc/arm-none-eabi/12.3.1/../../../../arm-none-eabi/lib/thumb/v7e-m+fp/hard\libc_nano.a(libc_a-errno.o)
 .ARM.attributes
                0x00000557       0x34 C:/ST/STM32CubeIDE_1.15.0/STM32CubeIDE/plugins/com.st.stm32cube.ide.mcu.externaltools.gnu-tools-for-stm32.12.3.rel1.win32_1.0.100.202403111256/tools/bin/../lib/gcc/arm-none-eabi/12.3.1/../../../../arm-none-eabi/lib/thumb/v7e-m+fp/hard\libc_nano.a(libc_a-init.o)
 .ARM.attributes
                0x0000058b       0x34 C:/ST/STM32CubeIDE_1.15.0/STM32CubeIDE/plugins/com.st.stm32cube.ide.mcu.externaltools.gnu-tools-for-stm32.12.3.rel1.win32_1.0.100.202403111256/tools/bin/../lib/gcc/arm-none-eabi/12.3.1/../../../../arm-none-eabi/lib/thumb/v7e-m+fp/hard\libc_nano.a(libc_a-memcpy-stub.o)
 .ARM.attributes
                0x000005bf       0x34 C:/ST/STM32CubeIDE_1.15.0/STM32CubeIDE/plugins/com.st.stm32cube.ide.mcu.externaltools.gnu-tools-for-stm32.12.3.rel1.win32_1.0.100.202403111256/tools/bin/../lib/gcc/arm-none-eabi/12.3.1/../../../../arm-none-eabi/lib/thumb/v7e-m+fp/hard\libm.a(libm_a-w_acos.o)
 .ARM.attributes
                0x000005f3       0x34 C:/ST/STM32CubeIDE_1.15.0/STM32CubeIDE/plugins/com.st.stm32cube.ide.mcu.externaltools.gnu-tools-for-stm32.12.3.rel1.win32_1.0.100.202403111256/tools/bin/../lib/gcc/arm-none-eabi/12.3.1/../../../../arm-none-eabi/lib/thumb/v7e-m+fp/hard\libm.a(libm_a-w_exp.o)
 .ARM.attributes
                0x00000627       0x34 C:/ST/STM32CubeIDE_1.15.0/STM32CubeIDE/plugins/com.st.stm32cube.ide.mcu.externaltools.gnu-tools-for-stm32.12.3.rel1.win32_1.0.100.202403111256/tools/bin/../lib/gcc/arm-none-eabi/12.3.1/../../../../arm-none-eabi/lib/thumb/v7e-m+fp/hard\libm.a(libm_a-s_fabs.o)
 .ARM.attributes
                0x0000065b       0x34 C:/ST/STM32CubeIDE_1.15.0/STM32CubeIDE/plugins/com.st.stm32cube.ide.mcu.externaltools.gnu-tools-for-stm32.12.3.rel1.win32_1.0.100.202403111256/tools/bin/../lib/gcc/arm-none-eabi/12.3.1/../../../../arm-none-eabi/lib/thumb/v7e-m+fp/hard\libm.a(libm_a-s_sin.o)
 .ARM.attributes
                0x0000068f       0x34 C:/ST/STM32CubeIDE_1.15.0/STM32CubeIDE/plugins/com.st.stm32cube.ide.mcu.externaltools.gnu-tools-for-stm32.12.3.rel1.win32_1.0.100.202403111256/tools/bin/../lib/gcc/arm-none-eabi/12.3.1/../../../../arm-none-eabi/lib/thumb/v7e-m+fp/hard\libm.a(libm_a-s_finite.o)
 .ARM.attributes
                0x000006c3       0x34 C:/ST/STM32CubeIDE_1.15.0/STM32CubeIDE/plugins/com.st.stm32cube.ide.mcu.externaltools.gnu-tools-for-stm32.12.3.rel1.win32_1.0.100.202403111256/tools/bin/../lib/gcc/arm-none-eabi/12.3.1/../../../../arm-none-eabi/lib/thumb/v7e-m+fp/hard\libm.a(libm_a-s_nan.o)
 .ARM.attributes
                0x000006f7       0x34 C:/ST/STM32CubeIDE_1.15.0/STM32CubeIDE/plugins/com.st.stm32cube.ide.mcu.externaltools.gnu-tools-for-stm32.12.3.rel1.win32_1.0.100.202403111256/tools/bin/../lib/gcc/arm-none-eabi/12.3.1/../../../../arm-none-eabi/lib/thumb/v7e-m+fp/hard\libm.a(libm_a-k_cos.o)
 .ARM.attributes
                0x0000072b       0x34 C:/ST/STM32CubeIDE_1.15.0/STM32CubeIDE/plugins/com.st.stm32cube.ide.mcu.externaltools.gnu-tools-for-stm32.12.3.rel1.win32_1.0.100.202403111256/tools/bin/../lib/gcc/arm-none-eabi/12.3.1/../../../../arm-none-eabi/lib/thumb/v7e-m+fp/hard\libm.a(libm_a-k_sin.o)
 .ARM.attributes
                0x0000075f       0x34 C:/ST/STM32CubeIDE_1.15.0/STM32CubeIDE/plugins/com.st.stm32cube.ide.mcu.externaltools.gnu-tools-for-stm32.12.3.rel1.win32_1.0.100.202403111256/tools/bin/../lib/gcc/arm-none-eabi/12.3.1/../../../../arm-none-eabi/lib/thumb/v7e-m+fp/hard\libm.a(libm_a-e_acos.o)
 .ARM.attributes
                0x00000793       0x34 C:/ST/STM32CubeIDE_1.15.0/STM32CubeIDE/plugins/com.st.stm32cube.ide.mcu.externaltools.gnu-tools-for-stm32.12.3.rel1.win32_1.0.100.202403111256/tools/bin/../lib/gcc/arm-none-eabi/12.3.1/../../../../arm-none-eabi/lib/thumb/v7e-m+fp/hard\libm.a(libm_a-e_exp.o)
 .ARM.attributes
                0x000007c7       0x34 C:/ST/STM32CubeIDE_1.15.0/STM32CubeIDE/plugins/com.st.stm32cube.ide.mcu.externaltools.gnu-tools-for-stm32.12.3.rel1.win32_1.0.100.202403111256/tools/bin/../lib/gcc/arm-none-eabi/12.3.1/../../../../arm-none-eabi/lib/thumb/v7e-m+fp/hard\libm.a(libm_a-e_rem_pio2.o)
 .ARM.attributes
                0x000007fb       0x34 C:/ST/STM32CubeIDE_1.15.0/STM32CubeIDE/plugins/com.st.stm32cube.ide.mcu.externaltools.gnu-tools-for-stm32.12.3.rel1.win32_1.0.100.202403111256/tools/bin/../lib/gcc/arm-none-eabi/12.3.1/../../../../arm-none-eabi/lib/thumb/v7e-m+fp/hard\libm.a(libm_a-math_err.o)
 .ARM.attributes
                0x0000082f       0x34 C:/ST/STM32CubeIDE_1.15.0/STM32CubeIDE/plugins/com.st.stm32cube.ide.mcu.externaltools.gnu-tools-for-stm32.12.3.rel1.win32_1.0.100.202403111256/tools/bin/../lib/gcc/arm-none-eabi/12.3.1/../../../../arm-none-eabi/lib/thumb/v7e-m+fp/hard\libm.a(libm_a-e_sqrt.o)
 .ARM.attributes
                0x00000863       0x34 C:/ST/STM32CubeIDE_1.15.0/STM32CubeIDE/plugins/com.st.stm32cube.ide.mcu.externaltools.gnu-tools-for-stm32.12.3.rel1.win32_1.0.100.202403111256/tools/bin/../lib/gcc/arm-none-eabi/12.3.1/../../../../arm-none-eabi/lib/thumb/v7e-m+fp/hard\libm.a(libm_a-k_rem_pio2.o)
 .ARM.attributes
                0x00000897       0x34 C:/ST/STM32CubeIDE_1.15.0/STM32CubeIDE/plugins/com.st.stm32cube.ide.mcu.externaltools.gnu-tools-for-stm32.12.3.rel1.win32_1.0.100.202403111256/tools/bin/../lib/gcc/arm-none-eabi/12.3.1/../../../../arm-none-eabi/lib/thumb/v7e-m+fp/hard\libm.a(libm_a-s_scalbn.o)
 .ARM.attributes
                0x000008cb       0x34 C:/ST/STM32CubeIDE_1.15.0/STM32CubeIDE/plugins/com.st.stm32cube.ide.mcu.externaltools.gnu-tools-for-stm32.12.3.rel1.win32_1.0.100.202403111256/tools/bin/../lib/gcc/arm-none-eabi/12.3.1/../../../../arm-none-eabi/lib/thumb/v7e-m+fp/hard\libm.a(libm_a-s_floor.o)
 .ARM.attributes
                0x000008ff       0x22 C:/ST/STM32CubeIDE_1.15.0/STM32CubeIDE/plugins/com.st.stm32cube.ide.mcu.externaltools.gnu-tools-for-stm32.12.3.rel1.win32_1.0.100.202403111256/tools/bin/../lib/gcc/arm-none-eabi/12.3.1/thumb/v7e-m+fp/hard\libgcc.a(_arm_addsubdf3.o)
 .ARM.attributes
                0x00000921       0x22 C:/ST/STM32CubeIDE_1.15.0/STM32CubeIDE/plugins/com.st.stm32cube.ide.mcu.externaltools.gnu-tools-for-stm32.12.3.rel1.win32_1.0.100.202403111256/tools/bin/../lib/gcc/arm-none-eabi/12.3.1/thumb/v7e-m+fp/hard\libgcc.a(_arm_muldivdf3.o)
 .ARM.attributes
                0x00000943       0x22 C:/ST/STM32CubeIDE_1.15.0/STM32CubeIDE/plugins/com.st.stm32cube.ide.mcu.externaltools.gnu-tools-for-stm32.12.3.rel1.win32_1.0.100.202403111256/tools/bin/../lib/gcc/arm-none-eabi/12.3.1/thumb/v7e-m+fp/hard\libgcc.a(_arm_cmpdf2.o)
 .ARM.attributes
                0x00000965       0x22 C:/ST/STM32CubeIDE_1.15.0/STM32CubeIDE/plugins/com.st.stm32cube.ide.mcu.externaltools.gnu-tools-for-stm32.12.3.rel1.win32_1.0.100.202403111256/tools/bin/../lib/gcc/arm-none-eabi/12.3.1/thumb/v7e-m+fp/hard\libgcc.a(_arm_unorddf2.o)
 .ARM.attributes
                0x00000987       0x22 C:/ST/STM32CubeIDE_1.15.0/STM32CubeIDE/plugins/com.st.stm32cube.ide.mcu.externaltools.gnu-tools-for-stm32.12.3.rel1.win32_1.0.100.202403111256/tools/bin/../lib/gcc/arm-none-eabi/12.3.1/thumb/v7e-m+fp/hard\libgcc.a(_arm_fixdfsi.o)
 .ARM.attributes
                0x000009a9       0x22 C:/ST/STM32CubeIDE_1.15.0/STM32CubeIDE/plugins/com.st.stm32cube.ide.mcu.externaltools.gnu-tools-for-stm32.12.3.rel1.win32_1.0.100.202403111256/tools/bin/../lib/gcc/arm-none-eabi/12.3.1/thumb/v7e-m+fp/hard\libgcc.a(_arm_truncdfsf2.o)
 .ARM.attributes
                0x000009cb       0x22 C:/ST/STM32CubeIDE_1.15.0/STM32CubeIDE/plugins/com.st.stm32cube.ide.mcu.externaltools.gnu-tools-for-stm32.12.3.rel1.win32_1.0.100.202403111256/tools/bin/../lib/gcc/arm-none-eabi/12.3.1/thumb/v7e-m+fp/hard\libgcc.a(_aeabi_uldivmod.o)
 .ARM.attributes
                0x000009ed       0x34 C:/ST/STM32CubeIDE_1.15.0/STM32CubeIDE/plugins/com.st.stm32cube.ide.mcu.externaltools.gnu-tools-for-stm32.12.3.rel1.win32_1.0.100.202403111256/tools/bin/../lib/gcc/arm-none-eabi/12.3.1/thumb/v7e-m+fp/hard\libgcc.a(_udivmoddi4.o)
 .ARM.attributes
                0x00000a21       0x22 C:/ST/STM32CubeIDE_1.15.0/STM32CubeIDE/plugins/com.st.stm32cube.ide.mcu.externaltools.gnu-tools-for-stm32.12.3.rel1.win32_1.0.100.202403111256/tools/bin/../lib/gcc/arm-none-eabi/12.3.1/thumb/v7e-m+fp/hard\libgcc.a(_dvmd_tls.o)
 .ARM.attributes
                0x00000a43       0x22 C:/ST/STM32CubeIDE_1.15.0/STM32CubeIDE/plugins/com.st.stm32cube.ide.mcu.externaltools.gnu-tools-for-stm32.12.3.rel1.win32_1.0.100.202403111256/tools/bin/../lib/gcc/arm-none-eabi/12.3.1/thumb/v7e-m+fp/hard/crtn.o
OUTPUT(Board_V1.elf elf32-littlearm)
LOAD linker stubs
LOAD C:/ST/STM32CubeIDE_1.15.0/STM32CubeIDE/plugins/com.st.stm32cube.ide.mcu.externaltools.gnu-tools-for-stm32.12.3.rel1.win32_1.0.100.202403111256/tools/bin/../lib/gcc/arm-none-eabi/12.3.1/../../../../arm-none-eabi/lib/thumb/v7e-m+fp/hard\libc.a
LOAD C:/ST/STM32CubeIDE_1.15.0/STM32CubeIDE/plugins/com.st.stm32cube.ide.mcu.externaltools.gnu-tools-for-stm32.12.3.rel1.win32_1.0.100.202403111256/tools/bin/../lib/gcc/arm-none-eabi/12.3.1/../../../../arm-none-eabi/lib/thumb/v7e-m+fp/hard\libm.a
LOAD C:/ST/STM32CubeIDE_1.15.0/STM32CubeIDE/plugins/com.st.stm32cube.ide.mcu.externaltools.gnu-tools-for-stm32.12.3.rel1.win32_1.0.100.202403111256/tools/bin/../lib/gcc/arm-none-eabi/12.3.1/thumb/v7e-m+fp/hard\libgcc.a

.debug_info     0x00000000    0x13129
 .debug_info    0x00000000      0x67e ./Core/Src/gpio.o
 .debug_info    0x0000067e      0x968 ./Core/Src/i2c.o
 .debug_info    0x00000fe6     0x2210 ./Core/Src/main.o
 .debug_info    0x000031f6      0x94d ./Core/Src/spi.o
 .debug_info    0x00003b43      0x269 ./Core/Src/stm32f4xx_hal_msp.o
 .debug_info    0x00003dac      0x71b ./Core/Src/stm32f4xx_it.o
 .debug_info    0x000044c7      0x512 ./Core/Src/system_stm32f4xx.o
 .debug_info    0x000049d9     0x118e ./Core/Src/tim.o
 .debug_info    0x00005b67       0x30 ./Core/Startup/startup_stm32f407vgtx.o
 .debug_info    0x00005b97     0x1fdb ./Core/lib/bno055.o
 .debug_info    0x00007b72      0x286 ./Core/lib/config_data.o
 .debug_info    0x00007df8      0x7e5 ./Core/lib/esc.o
 .debug_info    0x000085dd      0xd58 ./Core/lib/nrf24l01p.o
 .debug_info    0x00009335      0x944 ./Drivers/STM32F4xx_HAL_Driver/Src/stm32f4xx_hal.o
 .debug_info    0x00009c79      0xd8c ./Drivers/STM32F4xx_HAL_Driver/Src/stm32f4xx_hal_cortex.o
 .debug_info    0x0000aa05      0x6c3 ./Drivers/STM32F4xx_HAL_Driver/Src/stm32f4xx_hal_gpio.o
 .debug_info    0x0000b0c8     0x2415 ./Drivers/STM32F4xx_HAL_Driver/Src/stm32f4xx_hal_i2c.o
 .debug_info    0x0000d4dd      0x8af ./Drivers/STM32F4xx_HAL_Driver/Src/stm32f4xx_hal_rcc.o
 .debug_info    0x0000dd8c     0x1525 ./Drivers/STM32F4xx_HAL_Driver/Src/stm32f4xx_hal_spi.o
 .debug_info    0x0000f2b1     0x299d ./Drivers/STM32F4xx_HAL_Driver/Src/stm32f4xx_hal_tim.o
 .debug_info    0x00011c4e     0x14db ./Drivers/STM32F4xx_HAL_Driver/Src/stm32f4xx_hal_tim_ex.o

.debug_abbrev   0x00000000     0x2ac8
 .debug_abbrev  0x00000000      0x174 ./Core/Src/gpio.o
 .debug_abbrev  0x00000174      0x1f1 ./Core/Src/i2c.o
 .debug_abbrev  0x00000365      0x36a ./Core/Src/main.o
 .debug_abbrev  0x000006cf      0x1fa ./Core/Src/spi.o
 .debug_abbrev  0x000008c9       0xd8 ./Core/Src/stm32f4xx_hal_msp.o
 .debug_abbrev  0x000009a1      0x1a7 ./Core/Src/stm32f4xx_it.o
 .debug_abbrev  0x00000b48      0x11a ./Core/Src/system_stm32f4xx.o
 .debug_abbrev  0x00000c62      0x28b ./Core/Src/tim.o
 .debug_abbrev  0x00000eed       0x24 ./Core/Startup/startup_stm32f407vgtx.o
 .debug_abbrev  0x00000f11      0x293 ./Core/lib/bno055.o
 .debug_abbrev  0x000011a4       0xb0 ./Core/lib/config_data.o
 .debug_abbrev  0x00001254      0x1a8 ./Core/lib/esc.o
 .debug_abbrev  0x000013fc      0x2ee ./Core/lib/nrf24l01p.o
 .debug_abbrev  0x000016ea      0x214 ./Drivers/STM32F4xx_HAL_Driver/Src/stm32f4xx_hal.o
 .debug_abbrev  0x000018fe      0x31d ./Drivers/STM32F4xx_HAL_Driver/Src/stm32f4xx_hal_cortex.o
 .debug_abbrev  0x00001c1b      0x1d4 ./Drivers/STM32F4xx_HAL_Driver/Src/stm32f4xx_hal_gpio.o
 .debug_abbrev  0x00001def      0x2ad ./Drivers/STM32F4xx_HAL_Driver/Src/stm32f4xx_hal_i2c.o
 .debug_abbrev  0x0000209c      0x2b7 ./Drivers/STM32F4xx_HAL_Driver/Src/stm32f4xx_hal_rcc.o
 .debug_abbrev  0x00002353      0x27a ./Drivers/STM32F4xx_HAL_Driver/Src/stm32f4xx_hal_spi.o
 .debug_abbrev  0x000025cd      0x278 ./Drivers/STM32F4xx_HAL_Driver/Src/stm32f4xx_hal_tim.o
 .debug_abbrev  0x00002845      0x283 ./Drivers/STM32F4xx_HAL_Driver/Src/stm32f4xx_hal_tim_ex.o

.debug_aranges  0x00000000     0x1200
 .debug_aranges
                0x00000000       0x20 ./Core/Src/gpio.o
 .debug_aranges
                0x00000020       0x30 ./Core/Src/i2c.o
 .debug_aranges
                0x00000050       0x90 ./Core/Src/main.o
 .debug_aranges
                0x000000e0       0x30 ./Core/Src/spi.o
 .debug_aranges
                0x00000110       0x20 ./Core/Src/stm32f4xx_hal_msp.o
 .debug_aranges
                0x00000130       0x70 ./Core/Src/stm32f4xx_it.o
 .debug_aranges
                0x000001a0       0x28 ./Core/Src/system_stm32f4xx.o
 .debug_aranges
                0x000001c8       0x78 ./Core/Src/tim.o
 .debug_aranges
                0x00000240       0x28 ./Core/Startup/startup_stm32f407vgtx.o
 .debug_aranges
                0x00000268      0x170 ./Core/lib/bno055.o
 .debug_aranges
                0x000003d8       0x28 ./Core/lib/config_data.o
 .debug_aranges
                0x00000400       0x30 ./Core/lib/esc.o
 .debug_aranges
                0x00000430      0x120 ./Core/lib/nrf24l01p.o
 .debug_aranges
                0x00000550       0xf0 ./Drivers/STM32F4xx_HAL_Driver/Src/stm32f4xx_hal.o
 .debug_aranges
                0x00000640      0x130 ./Drivers/STM32F4xx_HAL_Driver/Src/stm32f4xx_hal_cortex.o
 .debug_aranges
                0x00000770       0x58 ./Drivers/STM32F4xx_HAL_Driver/Src/stm32f4xx_hal_gpio.o
 .debug_aranges
                0x000007c8      0x2a8 ./Drivers/STM32F4xx_HAL_Driver/Src/stm32f4xx_hal_i2c.o
 .debug_aranges
                0x00000a70       0x88 ./Drivers/STM32F4xx_HAL_Driver/Src/stm32f4xx_hal_rcc.o
 .debug_aranges
                0x00000af8      0x1d0 ./Drivers/STM32F4xx_HAL_Driver/Src/stm32f4xx_hal_spi.o
 .debug_aranges
                0x00000cc8      0x3d0 ./Drivers/STM32F4xx_HAL_Driver/Src/stm32f4xx_hal_tim.o
 .debug_aranges
                0x00001098      0x168 ./Drivers/STM32F4xx_HAL_Driver/Src/stm32f4xx_hal_tim_ex.o

.debug_rnglists
                0x00000000      0xe08
 .debug_rnglists
                0x00000000       0x14 ./Core/Src/gpio.o
 .debug_rnglists
                0x00000014       0x20 ./Core/Src/i2c.o
 .debug_rnglists
                0x00000034       0x6d ./Core/Src/main.o
 .debug_rnglists
                0x000000a1       0x20 ./Core/Src/spi.o
 .debug_rnglists
                0x000000c1       0x13 ./Core/Src/stm32f4xx_hal_msp.o
 .debug_rnglists
                0x000000d4       0x4f ./Core/Src/stm32f4xx_it.o
 .debug_rnglists
                0x00000123       0x1a ./Core/Src/system_stm32f4xx.o
 .debug_rnglists
                0x0000013d       0x5c ./Core/Src/tim.o
 .debug_rnglists
                0x00000199       0x19 ./Core/Startup/startup_stm32f407vgtx.o
 .debug_rnglists
                0x000001b2      0x12b ./Core/lib/bno055.o
 .debug_rnglists
                0x000002dd       0x1a ./Core/lib/config_data.o
 .debug_rnglists
                0x000002f7       0x1f ./Core/lib/esc.o
 .debug_rnglists
                0x00000316       0xd4 ./Core/lib/nrf24l01p.o
 .debug_rnglists
                0x000003ea       0xaf ./Drivers/STM32F4xx_HAL_Driver/Src/stm32f4xx_hal.o
 .debug_rnglists
                0x00000499       0xe0 ./Drivers/STM32F4xx_HAL_Driver/Src/stm32f4xx_hal_cortex.o
 .debug_rnglists
                0x00000579       0x3f ./Drivers/STM32F4xx_HAL_Driver/Src/stm32f4xx_hal_gpio.o
 .debug_rnglists
                0x000005b8      0x23c ./Drivers/STM32F4xx_HAL_Driver/Src/stm32f4xx_hal_i2c.o
 .debug_rnglists
                0x000007f4       0x66 ./Drivers/STM32F4xx_HAL_Driver/Src/stm32f4xx_hal_rcc.o
 .debug_rnglists
                0x0000085a      0x16f ./Drivers/STM32F4xx_HAL_Driver/Src/stm32f4xx_hal_spi.o
 .debug_rnglists
                0x000009c9      0x31a ./Drivers/STM32F4xx_HAL_Driver/Src/stm32f4xx_hal_tim.o
 .debug_rnglists
                0x00000ce3      0x125 ./Drivers/STM32F4xx_HAL_Driver/Src/stm32f4xx_hal_tim_ex.o

.debug_macro    0x00000000    0x22b14
 .debug_macro   0x00000000      0x1fc ./Core/Src/gpio.o
 .debug_macro   0x000001fc      0xab4 ./Core/Src/gpio.o
 .debug_macro   0x00000cb0      0x2a1 ./Core/Src/gpio.o
 .debug_macro   0x00000f51       0x2e ./Core/Src/gpio.o
 .debug_macro   0x00000f7f       0x2f ./Core/Src/gpio.o
 .debug_macro   0x00000fae       0x22 ./Core/Src/gpio.o
 .debug_macro   0x00000fd0       0x8e ./Core/Src/gpio.o
 .debug_macro   0x0000105e       0x51 ./Core/Src/gpio.o
 .debug_macro   0x000010af      0x103 ./Core/Src/gpio.o
 .debug_macro   0x000011b2       0x6a ./Core/Src/gpio.o
 .debug_macro   0x0000121c      0x1df ./Core/Src/gpio.o
 .debug_macro   0x000013fb       0x1c ./Core/Src/gpio.o
 .debug_macro   0x00001417       0x22 ./Core/Src/gpio.o
 .debug_macro   0x00001439       0xfb ./Core/Src/gpio.o
 .debug_macro   0x00001534     0x1011 ./Core/Src/gpio.o
 .debug_macro   0x00002545      0x11f ./Core/Src/gpio.o
 .debug_macro   0x00002664    0x15e97 ./Core/Src/gpio.o
 .debug_macro   0x000184fb       0x6d ./Core/Src/gpio.o
 .debug_macro   0x00018568     0x369a ./Core/Src/gpio.o
 .debug_macro   0x0001bc02      0x189 ./Core/Src/gpio.o
 .debug_macro   0x0001bd8b       0x5c ./Core/Src/gpio.o